argv[0]=
transport item 2
place item 2
transport item 7
place item 7
transport item 0
place item 0
transport item 3
place item 3
transport item 1
place item 1
transport item 8
place item 8
transport item 13
place item 13
transport item 15
place item 15
transport item 4
place item 4
transport item 14
place item 14
transport item 6
place item 6
transport item 5
place item 5
transport item 10
place item 10
transport item 12
place item 12
transport item 18
place item 18
transport item 24
place item 24
transport item 25
place item 25
transport item 26
place item 26
transport item 9
place item 9
transport item 27
place item 27
transport item 16
place item 16
transport item 11
collision: 11 and 8 at (np.float32(0.0), np.float32(-0.725), np.float32(0.32999998)), distance -0.0851178023508203
collision: 11 and 4 at (np.float32(0.0), np.float32(-0.725), np.float32(0.32999998)), distance -0.1650171628610933
item 11 not packable. removed.
item 7 not inside (hit boundary plane), [-1.17816246 -1.92232802 -0.35183754  0.00232802 -0.5907321  -0.86856806
 -0.54143194]
item 3 not inside (hit boundary plane), [ 9.03629641e-06 -5.87067523e-01 -1.53000904e+00 -1.33293248e+00
 -6.17149212e-01 -1.39352939e+00 -1.64706143e-02]
item 8 not inside (hit boundary plane), [ 1.46813516e-04 -6.36893478e-01 -1.53014681e+00 -1.28310652e+00
 -5.83530701e-01 -5.08414123e-01 -9.01585877e-01]
item 13 not inside (hit boundary plane), [ 1.32045080e-04 -5.71467448e-01 -1.53013205e+00 -1.34853255e+00
 -6.27551939e-01 -7.03779085e-01 -7.06220915e-01]
item 15 not inside (hit boundary plane), [-0.21092445  0.00465009 -1.31907555 -1.92465009 -1.17125969 -1.39087202
 -0.01912798]
close env.
closed runner.
pybullet build time: Jul 30 2026 15:27:10
pybullet build time: Jul 30 2026 15:27:10
