argv[0]=
transport item 2
place item 2
transport item 5
place item 5
transport item 23
place item 23
transport item 0
place item 0
transport item 7
place item 7
transport item 8
place item 8
transport item 16
place item 16
transport item 33
place item 33
transport item 6
place item 6
transport item 10
place item 10
transport item 15
place item 15
transport item 18
place item 18
transport item 1
place item 1
transport item 20
place item 20
transport item 3
place item 3
transport item 4
place item 4
transport item 11
place item 11
transport item 9
collision: 9 and 16 at (np.float32(0.0), np.float32(-0.76), np.float32(0.32999998)), distance -0.047464721678834615
collision: 9 and 33 at (np.float32(0.0), np.float32(-0.76), np.float32(0.32999998)), distance -0.05583550294027813
collision: 9 and 15 at (np.float32(0.0), np.float32(-0.76), np.float32(0.32999998)), distance 0.0014249233793140205
item 9 not packable. removed.
item 16 not inside (hit boundary plane), [-5.71584659e-05 -5.77784171e-01 -1.51994284e+00 -1.32221583e+00
 -6.28398103e-01 -6.87765942e-01 -7.82234058e-01]
item 6 not inside (hit boundary plane), [ 6.04201967e-05 -4.66653331e-01 -1.52006042e+00 -1.43334667e+00
 -7.04003667e-01 -7.16553729e-01 -7.53446271e-01]
close env.
closed runner.
pybullet build time: Jul 30 2026 15:27:10
pybullet build time: Jul 30 2026 15:27:10
