argv[0]=
transport item 4
place item 4
transport item 0
place item 0
transport item 16
place item 16
transport item 1
place item 1
transport item 3
place item 3
transport item 15
place item 15
transport item 8
place item 8
transport item 13
place item 13
transport item 14
place item 14
transport item 5
place item 5
transport item 9
place item 9
transport item 17
place item 17
transport item 31
place item 31
transport item 30
place item 30
transport item 11
place item 11
transport item 6
Not safe place (disp: 0.72m, angle: 4.3deg). Item 6 removed.
item 3 not inside (hit boundary plane), [ 1.02204639e-05 -5.87187443e-01 -1.53001022e+00 -1.33281256e+00
 -6.17067669e-01 -1.39378853e+00 -1.62114690e-02]
item 15 not inside (hit boundary plane), [-0.51371353 -0.6589315  -1.01628647 -1.2610685  -0.94893218 -1.41153202
  0.00153202]
item 8 not inside (hit boundary plane), [-5.73019751e-05 -6.37051231e-01 -1.52994270e+00 -1.28294877e+00
 -5.83575618e-01 -5.08251300e-01 -9.01748700e-01]
item 13 not inside (hit boundary plane), [ 5.46156228e-05 -5.71787209e-01 -1.53005462e+00 -1.34821279e+00
 -6.27394138e-01 -7.03022221e-01 -7.06977779e-01]
item 11 not inside (hit boundary plane), [-9.31892069e-01 -8.34100350e-01 -5.98107931e-01 -1.08589965e+00
 -1.14052792e+00 -2.79812415e-04 -1.40972019e+00]
close env.
closed runner.
pybullet build time: Jul 30 2026 15:27:10
pybullet build time: Jul 30 2026 15:27:10
