argv[0]=
transport item 1
place item 1
transport item 3
place item 3
transport item 4
place item 4
transport item 11
place item 11
transport item 23
place item 23
transport item 2
place item 2
transport item 24
place item 24
transport item 12
place item 12
transport item 5
place item 5
transport item 13
place item 13
transport item 14
place item 14
transport item 17
place item 17
transport item 19
place item 19
transport item 6
place item 6
transport item 33
Not safe place (disp: 0.50m, angle: 48.7deg). Item 33 removed.
item 24 not inside (hit boundary plane), [-4.24404090e-05 -5.78111830e-01 -1.51995756e+00 -1.32188817e+00
 -6.28164157e-01 -7.20408293e-01 -7.49591707e-01]
item 5 not inside (hit boundary plane), [-4.32035474e-05 -4.66357513e-01 -1.51995680e+00 -1.43364249e+00
 -7.04281022e-01 -7.16026743e-01 -7.53973257e-01]
item 6 not inside (hit boundary plane), [-0.33290451 -1.17531414 -1.18709549 -0.72468586 -0.4651245   0.11549259
 -1.58549259]
close env.
closed runner.
pybullet build time: Jul 30 2026 15:27:10
pybullet build time: Jul 30 2026 15:27:10
