argv[0]=
transport item 2
place item 2
transport item 7
place item 7
transport item 0
place item 0
transport item 3
place item 3
transport item 1
place item 1
transport item 5
place item 5
transport item 4
place item 4
transport item 10
place item 10
transport item 6
place item 6
transport item 17
place item 17
transport item 9
place item 9
transport item 12
place item 12
transport item 18
place item 18
transport item 11
place item 11
transport item 19
place item 19
transport item 20
place item 20
transport item 24
place item 24
transport item 16
place item 16
transport item 22
place item 22
transport item 15
place item 15
transport item 25
place item 25
transport item 27
place item 27
transport item 29
place item 29
transport item 26
place item 26
transport item 31
place item 31
transport item 34
place item 34
transport item 8
collision: 8 and 17 at (np.float32(0.0), np.float32(-0.725), np.float32(0.32999998)), distance -0.04926504956418877
collision: 8 and 16 at (np.float32(0.0), np.float32(-0.725), np.float32(0.32999998)), distance -0.17507598441489167
collision: 8 and 15 at (np.float32(0.0), np.float32(-0.725), np.float32(0.32999998)), distance -0.07285014172703881
collision: 8 and 26 at (np.float32(0.0), np.float32(-0.725), np.float32(0.32999998)), distance -0.18052416996148968
collision: 8 and 31 at (np.float32(0.0), np.float32(-0.725), np.float32(0.32999998)), distance -0.006012832556478035
item 8 not packable. removed.
item 3 not inside (hit boundary plane), [-2.08204858e-05 -5.87325138e-01 -1.52997918e+00 -1.33267486e+00
 -6.16998014e-01 -1.39331458e+00 -1.66854158e-02]
item 5 not inside (hit boundary plane), [ 5.09416763e-05 -4.66457853e-01 -1.53005094e+00 -1.45354215e+00
 -6.98249049e-01 -1.39861997e+00 -1.13800287e-02]
item 17 not inside (hit boundary plane), [ 7.44512249e-06 -5.87090945e-01 -1.53000745e+00 -1.33290905e+00
 -6.17134634e-01 -7.35669376e-01 -6.74330624e-01]
item 9 not inside (hit boundary plane), [ 1.84044520e-04 -4.66796039e-01 -1.53018404e+00 -1.45320396e+00
 -6.97923072e-01 -7.06199186e-01 -7.03800814e-01]
item 16 not inside (hit boundary plane), [-0.32055794 -0.63491061 -1.20944206 -1.28508939 -0.82216682  0.17048468
 -1.58048468]
item 15 not inside (hit boundary plane), [-0.24864865 -0.66105914 -1.28135135 -1.25894086 -0.75136885  0.40658099
 -1.81658099]
item 25 not inside (hit boundary plane), [-0.25069689 -0.66246882 -1.27930311 -1.25753118 -0.75193617  0.65277677
 -2.06277677]
item 31 not inside (hit boundary plane), [-0.63330823 -0.6358298  -0.89669177 -1.2841702  -1.05296498  0.03500113
 -1.44500113]
item 34 not inside (hit boundary plane), [-0.84936328 -0.63555295 -0.68063672 -1.28444705 -1.213019    0.05411235
 -1.46411235]
close env.
closed runner.
pybullet build time: Jul 30 2026 15:27:10
pybullet build time: Jul 30 2026 15:27:10
