argv[0]=
transport item 2
place item 2
transport item 5
place item 5
transport item 23
place item 23
transport item 6
place item 6
transport item 0
place item 0
transport item 7
place item 7
transport item 24
place item 24
transport item 33
place item 33
transport item 10
place item 10
transport item 15
place item 15
transport item 8
place item 8
transport item 9
place item 9
transport item 27
place item 27
transport item 38
place item 38
transport item 29
place item 29
transport item 20
place item 20
transport item 1
place item 1
transport item 3
collision: 3 and 24 at (np.float32(0.0), np.float32(-0.76), np.float32(0.32999998)), distance -0.07222372523206526
collision: 3 and 33 at (np.float32(0.0), np.float32(-0.76), np.float32(0.32999998)), distance -0.0853078064281733
collision: 3 and 9 at (np.float32(0.0), np.float32(-0.76), np.float32(0.32999998)), distance -0.01313132189640868
item 3 not packable. removed.
item 24 not inside (hit boundary plane), [-7.98374963e-05 -5.78238000e-01 -1.51992016e+00 -1.32176200e+00
 -6.28105604e-01 -6.88509368e-01 -7.81490632e-01]
item 10 not inside (hit boundary plane), [ 6.47479223e-05 -4.67402684e-01 -1.52006475e+00 -1.43259732e+00
 -7.03490111e-01 -7.88492636e-01 -6.81507364e-01]
close env.
closed runner.
pybullet build time: Jul 30 2026 15:27:10
pybullet build time: Jul 30 2026 15:27:10
