argv[0]=
transport item 4
place item 4
transport item 0
place item 0
transport item 16
place item 16
transport item 1
place item 1
transport item 3
place item 3
transport item 15
place item 15
transport item 8
place item 8
transport item 13
place item 13
transport item 14
place item 14
transport item 5
place item 5
transport item 9
place item 9
transport item 30
place item 30
transport item 6
place item 6
transport item 11
place item 11
transport item 31
Not safe place (disp: 0.57m, angle: 29.1deg). Item 31 removed.
item 3 not inside (hit boundary plane), [ 1.94155654e-05 -5.87189054e-01 -1.53001942e+00 -1.33281095e+00
 -6.17059782e-01 -1.39378863e+00 -1.62113726e-02]
item 8 not inside (hit boundary plane), [ 3.05180033e-05 -6.37046286e-01 -1.53003052e+00 -1.28295371e+00
 -5.83513963e-01 -5.08316267e-01 -9.01683733e-01]
item 13 not inside (hit boundary plane), [ 9.42393422e-05 -5.72453197e-01 -1.53009424e+00 -1.34754680e+00
 -6.26916827e-01 -7.02950553e-01 -7.07049447e-01]
close env.
closed runner.
pybullet build time: Aug  1 2026 21:28:46
pybullet build time: Aug  1 2026 21:28:46
