argv[0]=
transport item 4
place item 4
transport item 0
place item 0
transport item 16
place item 16
transport item 1
place item 1
transport item 3
place item 3
transport item 15
place item 15
transport item 8
place item 8
transport item 13
place item 13
transport item 14
place item 14
transport item 5
place item 5
transport item 9
place item 9
transport item 30
place item 30
transport item 10
place item 10
transport item 31
place item 31
transport item 28
place item 28
transport item 6
place item 6
transport item 11
place item 11
transport item 2
collision: 2 and 8 at (np.float32(0.0), np.float32(-0.725), np.float32(0.32999998)), distance -0.06001480432680741
collision: 2 and 14 at (np.float32(0.0), np.float32(-0.725), np.float32(0.32999998)), distance -0.09288709969980546
collision: 2 and 10 at (np.float32(0.0), np.float32(-0.725), np.float32(0.32999998)), distance 0.014903862768511788
item 2 not packable. removed.
item 3 not inside (hit boundary plane), [ 1.98582425e-05 -5.87189218e-01 -1.53001986e+00 -1.33281078e+00
 -6.17059344e-01 -1.39378866e+00 -1.62113355e-02]
item 8 not inside (hit boundary plane), [ 3.94152559e-05 -6.37106398e-01 -1.53003942e+00 -1.28289360e+00
 -5.83466944e-01 -5.08347272e-01 -9.01652728e-01]
item 13 not inside (hit boundary plane), [ 1.77314135e-04 -5.73027922e-01 -1.53017731e+00 -1.34697208e+00
 -6.26468755e-01 -7.03250121e-01 -7.06749879e-01]
close env.
closed runner.
pybullet build time: Jul 30 2026 15:27:10
pybullet build time: Jul 30 2026 15:27:10
