argv[0]=
transport item 0
place item 0
transport item 4
place item 4
transport item 6
place item 6
transport item 10
place item 10
transport item 3
place item 3
transport item 1
place item 1
transport item 8
place item 8
transport item 17
place item 17
transport item 12
place item 12
transport item 21
place item 21
transport item 13
place item 13
transport item 5
place item 5
transport item 9
place item 9
transport item 18
place item 18
transport item 27
place item 27
transport item 16
place item 16
transport item 28
place item 28
transport item 14
Not safe place (disp: 0.41m, angle: 3.0deg). Item 14 removed.
item 3 not inside (hit boundary plane), [ 7.00216846e-06 -5.87461521e-01 -1.53000700e+00 -1.33253848e+00
 -6.16885686e-01 -1.39391679e+00 -1.60832118e-02]
item 8 not inside (hit boundary plane), [ 3.03188728e-05 -6.37847967e-01 -1.53003032e+00 -1.28215203e+00
 -5.82974841e-01 -5.08810265e-01 -9.01189735e-01]
item 17 not inside (hit boundary plane), [ 3.77808748e-05 -5.77075815e-01 -1.53003778e+00 -1.34292419e+00
 -6.23849094e-01 -8.06869275e-01 -6.03130725e-01]
item 18 not inside (hit boundary plane), [-1.04261459e+00 -7.93670212e-01 -4.87385415e-01 -1.12632979e+00
 -1.24965220e+00 -1.41015163e+00  1.51626796e-04]
item 27 not inside (hit boundary plane), [-1.28943963e+00 -7.92608630e-01 -2.40560372e-01 -1.12739137e+00
 -1.43300204e+00 -1.41021476e+00  2.14760593e-04]
close env.
closed runner.
pybullet build time: Aug  1 2026 21:28:46
pybullet build time: Aug  1 2026 21:28:46
