argv[0]=
transport item 0
place item 0
transport item 4
place item 4
transport item 6
place item 6
transport item 12
place item 12
transport item 17
place item 17
transport item 1
place item 1
transport item 8
place item 8
transport item 13
place item 13
transport item 14
place item 14
transport item 3
place item 3
transport item 10
place item 10
transport item 18
place item 18
transport item 24
place item 24
transport item 27
place item 27
transport item 28
place item 28
transport item 29
place item 29
transport item 16
place item 16
transport item 30
place item 30
transport item 32
Not safe place (disp: 0.40m, angle: 68.2deg). Item 32 removed.
item 17 not inside (hit boundary plane), [ 2.27957448e-05 -5.87015107e-01 -1.53002280e+00 -1.33298489e+00
 -6.17174290e-01 -1.39490063e+00 -1.50993748e-02]
item 1 not inside (hit boundary plane), [-6.52516197e-01 -7.09888684e-01 -8.77483803e-01 -1.21011132e+00
 -1.01736033e+00 -1.41057764e+00  5.77639037e-04]
item 8 not inside (hit boundary plane), [ 8.67660563e-06 -6.36987738e-01 -1.53000868e+00 -1.28301226e+00
 -5.83569508e-01 -5.06216922e-01 -9.03783078e-01]
item 13 not inside (hit boundary plane), [ 4.99585574e-05 -5.72321662e-01 -1.53004996e+00 -1.34767834e+00
 -6.27038072e-01 -6.99062232e-01 -7.10937768e-01]
item 3 not inside (hit boundary plane), [-2.49300423e-01 -5.82931407e-01 -1.28069958e+00 -1.33706859e+00
 -8.04405525e-01 -1.40880835e+00 -1.19165160e-03]
item 10 not inside (hit boundary plane), [-5.08639107e-01 -3.77751612e-02 -1.02136089e+00 -1.88222484e+00
 -1.36301238e+00 -1.40912492e+00 -8.75077062e-04]
item 18 not inside (hit boundary plane), [-7.67680297e-01 -3.67350339e-02 -7.62319703e-01 -1.88326497e+00
 -1.55538701e+00 -1.41031394e+00  3.13943517e-04]
item 24 not inside (hit boundary plane), [-1.02718933e+00 -3.66371910e-02 -5.02810668e-01 -1.88336281e+00
 -1.74747396e+00 -1.41030291e+00  3.02907916e-04]
item 27 not inside (hit boundary plane), [-1.28668133e+00 -3.67783300e-02 -2.43318672e-01 -1.88322167e+00
 -1.93938754e+00 -1.41032076e+00  3.20760404e-04]
item 28 not inside (hit boundary plane), [-1.03659789 -0.70994504 -0.49340211 -1.21005496 -1.30151986 -1.40800547
 -0.00199453]
item 30 not inside (hit boundary plane), [ 3.14469333e-04 -1.16433911e+00 -1.53031447e+00 -7.55660893e-01
 -2.28608321e-01 -6.10370161e-01 -7.99629839e-01]
close env.
closed runner.
pybullet build time: Jul 30 2026 15:27:10
pybullet build time: Jul 30 2026 15:27:10
