argv[0]=
transport item 2
place item 2
transport item 5
place item 5
transport item 23
place item 23
transport item 0
place item 0
transport item 7
place item 7
transport item 8
place item 8
transport item 16
place item 16
transport item 33
place item 33
transport item 6
place item 6
transport item 10
place item 10
transport item 15
place item 15
transport item 18
place item 18
transport item 20
place item 20
transport item 30
place item 30
transport item 31
place item 31
transport item 32
place item 32
transport item 1
place item 1
transport item 3
collision: 3 and 16 at (np.float32(0.0), np.float32(-0.76), np.float32(0.32999998)), distance -0.07250513087974986
collision: 3 and 33 at (np.float32(0.0), np.float32(-0.76), np.float32(0.32999998)), distance -0.07875328481293972
collision: 3 and 15 at (np.float32(0.0), np.float32(-0.76), np.float32(0.32999998)), distance -0.010898999572702722
item 3 not packable. removed.
item 16 not inside (hit boundary plane), [-8.25175747e-05 -5.77721396e-01 -1.51991748e+00 -1.32227860e+00
 -6.28459427e-01 -6.87602775e-01 -7.82397225e-01]
item 6 not inside (hit boundary plane), [ 4.25828974e-05 -4.67051173e-01 -1.52004258e+00 -1.43294883e+00
 -7.03745755e-01 -7.88496000e-01 -6.81504000e-01]
close env.
closed runner.
pybullet build time: Aug  1 2026 21:28:46
pybullet build time: Aug  1 2026 21:28:46
