argv[0]=
transport item 8
place item 8
transport item 21
place item 21
transport item 3
place item 3
transport item 5
place item 5
transport item 9
place item 9
transport item 16
place item 16
transport item 13
place item 13
transport item 33
place item 33
transport item 14
place item 14
transport item 30
place item 30
transport item 11
place item 11
transport item 0
place item 0
transport item 19
Not safe place (disp: 0.52m, angle: 29.2deg). Item 19 removed.
item 21 not inside (hit boundary plane), [ 9.81541170e-05 -5.86726087e-01 -1.53009815e+00 -1.33327391e+00
 -6.17312945e-01 -1.39402106e+00 -1.59789396e-02]
item 13 not inside (hit boundary plane), [ 9.65160889e-06 -6.37054687e-01 -1.53000965e+00 -1.28294531e+00
 -5.83523752e-01 -5.08335342e-01 -9.01664658e-01]
item 33 not inside (hit boundary plane), [ 2.64980168e-05 -5.76872595e-01 -1.53002650e+00 -1.34312741e+00
 -6.23994143e-01 -8.04321875e-01 -6.05678125e-01]
close env.
closed runner.
pybullet build time: Aug  1 2026 21:28:46
pybullet build time: Aug  1 2026 21:28:46
