argv[0]=
transport item 4
place item 4
transport item 0
place item 0
transport item 16
place item 16
transport item 1
place item 1
transport item 3
place item 3
transport item 15
place item 15
transport item 8
place item 8
transport item 13
place item 13
transport item 25
place item 25
transport item 28
place item 28
transport item 26
place item 26
transport item 2
Not safe place (disp: 0.32m, angle: 57.9deg). Item 2 removed.
item 3 not inside (hit boundary plane), [ 3.00213016e-05 -5.87176059e-01 -1.53003002e+00 -1.33282394e+00
 -6.17060676e-01 -1.39386422e+00 -1.61357784e-02]
item 8 not inside (hit boundary plane), [ 1.22721734e-05 -6.37123106e-01 -1.53001227e+00 -1.28287689e+00
 -5.83475789e-01 -4.89750347e-01 -9.20249653e-01]
item 13 not inside (hit boundary plane), [ 1.50470733e-05 -5.72036450e-01 -1.53001505e+00 -1.34796355e+00
 -6.27255759e-01 -7.02233637e-01 -7.07766363e-01]
item 25 not inside (hit boundary plane), [-0.20857469  0.00428845 -1.32142531 -1.92428845 -1.16927775 -1.39153686
 -0.01846314]
item 26 not inside (hit boundary plane), [-0.21421995  0.00501816 -1.31578005 -1.92501816 -1.17394576 -1.02020926
 -0.38979074]
close env.
closed runner.
pybullet build time: Jul 30 2026 15:27:10
pybullet build time: Jul 30 2026 15:27:10
