argv[0]=
transport item 1
place item 1
transport item 3
place item 3
transport item 4
place item 4
transport item 11
place item 11
transport item 0
place item 0
transport item 7
place item 7
transport item 23
place item 23
transport item 16
place item 16
transport item 12
place item 12
transport item 2
place item 2
transport item 6
place item 6
transport item 13
place item 13
transport item 8
place item 8
transport item 9
Not safe place (disp: 0.47m, angle: 103.6deg). Item 9 removed.
item 16 not inside (hit boundary plane), [ 6.59888276e-06 -5.77915096e-01 -1.52000660e+00 -1.32208490e+00
 -6.28262247e-01 -7.87416600e-01 -6.82583400e-01]
item 2 not inside (hit boundary plane), [ 6.14329506e-05 -5.17888997e-01 -1.52006143e+00 -1.38211100e+00
 -6.69106112e-01 -7.87323723e-01 -6.82676277e-01]
close env.
closed runner.
pybullet build time: Aug  1 2026 21:28:46
pybullet build time: Aug  1 2026 21:28:46
