argv[0]=
transport item 4
place item 4
transport item 0
place item 0
transport item 16
place item 16
transport item 1
place item 1
transport item 3
place item 3
transport item 15
place item 15
transport item 8
place item 8
transport item 13
place item 13
transport item 14
place item 14
transport item 5
place item 5
transport item 9
place item 9
transport item 30
place item 30
transport item 6
place item 6
transport item 10
Not safe place (disp: 0.77m, angle: 31.6deg). Item 10 removed.
item 3 not inside (hit boundary plane), [ 2.20617714e-05 -5.87186926e-01 -1.53002206e+00 -1.33281307e+00
 -6.17059255e-01 -1.39408242e+00 -1.59175826e-02]
item 8 not inside (hit boundary plane), [-4.26194183e-05 -6.37037782e-01 -1.52995738e+00 -1.28296222e+00
 -5.83573801e-01 -5.08210380e-01 -9.01789620e-01]
item 13 not inside (hit boundary plane), [ 9.40178942e-05 -5.72367787e-01 -1.53009402e+00 -1.34763221e+00
 -6.26974443e-01 -7.02805800e-01 -7.07194200e-01]
close env.
closed runner.
pybullet build time: Aug  1 2026 21:28:46
pybullet build time: Aug  1 2026 21:28:46
