argv[0]=
transport item 8
place item 8
transport item 21
place item 21
transport item 3
place item 3
transport item 5
place item 5
transport item 9
place item 9
transport item 16
place item 16
transport item 13
place item 13
transport item 33
place item 33
transport item 14
place item 14
transport item 30
place item 30
transport item 31
place item 31
transport item 34
place item 34
transport item 40
place item 40
transport item 1
place item 1
transport item 28
place item 28
transport item 15
place item 15
transport item 25
Not safe place (disp: 0.72m, angle: 67.8deg). Item 25 removed.
item 21 not inside (hit boundary plane), [ 1.72244592e-04 -5.86562943e-01 -1.53017224e+00 -1.33343706e+00
 -6.17367865e-01 -1.39440820e+00 -1.55918030e-02]
item 13 not inside (hit boundary plane), [-1.77342451e-05 -6.37141181e-01 -1.52998227e+00 -1.28285882e+00
 -5.83485833e-01 -5.08253545e-01 -9.01746455e-01]
item 33 not inside (hit boundary plane), [ 2.77912886e-05 -5.77398580e-01 -1.53002779e+00 -1.34260142e+00
 -6.23639370e-01 -8.06840451e-01 -6.03159549e-01]
close env.
closed runner.
pybullet build time: Aug  1 2026 21:28:46
pybullet build time: Aug  1 2026 21:28:46
