argv[0]=
transport item 2
place item 2
transport item 7
place item 7
transport item 0
place item 0
transport item 3
place item 3
transport item 1
place item 1
transport item 5
place item 5
transport item 4
place item 4
transport item 10
place item 10
transport item 6
place item 6
transport item 17
place item 17
transport item 9
place item 9
transport item 12
place item 12
transport item 18
place item 18
transport item 11
place item 11
transport item 19
place item 19
transport item 20
place item 20
transport item 24
place item 24
transport item 22
place item 22
transport item 27
place item 27
transport item 25
place item 25
transport item 15
place item 15
transport item 29
place item 29
transport item 26
place item 26
transport item 32
place item 32
transport item 16
place item 16
transport item 8
collision: 8 and 17 at (np.float32(0.0), np.float32(-0.725), np.float32(0.32999998)), distance -0.049477510480970495
collision: 8 and 27 at (np.float32(0.0), np.float32(-0.725), np.float32(0.32999998)), distance -0.14518048450242524
item 8 not packable. removed.
item 3 not inside (hit boundary plane), [-2.55558599e-05 -5.87543052e-01 -1.52997444e+00 -1.33245695e+00
 -6.16854933e-01 -1.39369916e+00 -1.63008425e-02]
item 5 not inside (hit boundary plane), [ 4.96506627e-05 -4.66495422e-01 -1.53004965e+00 -1.45350458e+00
 -6.98224732e-01 -1.39857245e+00 -1.14275473e-02]
item 17 not inside (hit boundary plane), [-3.72531041e-05 -5.87334661e-01 -1.52996275e+00 -1.33266534e+00
 -6.17003767e-01 -7.35529124e-01 -6.74470876e-01]
item 9 not inside (hit boundary plane), [ 1.85473222e-04 -4.66763297e-01 -1.53018547e+00 -1.45323670e+00
 -6.97944039e-01 -7.06238280e-01 -7.03761720e-01]
close env.
closed runner.
pybullet build time: Jul 30 2026 15:27:10
pybullet build time: Jul 30 2026 15:27:10
