argv[0]=
transport item 1
place item 1
transport item 3
place item 3
transport item 4
place item 4
transport item 11
place item 11
transport item 23
place item 23
transport item 2
place item 2
transport item 24
place item 24
transport item 12
place item 12
transport item 5
place item 5
transport item 13
place item 13
transport item 14
place item 14
transport item 19
place item 19
transport item 17
place item 17
transport item 0
place item 0
transport item 33
place item 33
transport item 6
place item 6
transport item 10
place item 10
transport item 7
place item 7
transport item 8
place item 8
transport item 9
place item 9
transport item 15
place item 15
transport item 18
place item 18
transport item 16
collision: 16 and 24 at (np.float32(0.0), np.float32(-0.76), np.float32(0.32999998)), distance -0.12366843902412292
collision: 16 and 33 at (np.float32(0.0), np.float32(-0.76), np.float32(0.32999998)), distance -0.388268065845798
collision: 16 and 6 at (np.float32(0.0), np.float32(-0.76), np.float32(0.32999998)), distance -0.233294626651947
item 16 not packable. removed.
item 24 not inside (hit boundary plane), [ 6.47926891e-05 -5.78364880e-01 -1.52006479e+00 -1.32163512e+00
 -6.27913289e-01 -7.16997781e-01 -7.53002219e-01]
item 5 not inside (hit boundary plane), [ 3.14465257e-05 -4.67001862e-01 -1.52003145e+00 -1.43299814e+00
 -7.03787495e-01 -7.15610432e-01 -7.54389568e-01]
item 33 not inside (hit boundary plane), [-0.02244091 -1.12923473 -1.49755909 -0.77076527 -0.26919204  0.23400366
 -1.70400366]
item 6 not inside (hit boundary plane), [-0.63819934 -1.17805602 -0.88180066 -0.72194398 -0.68678982  0.17216767
 -1.64216767]
item 10 not inside (hit boundary plane), [-0.6253781  -1.1691713  -0.8946219  -0.7308287  -0.6834537   0.46656703
 -1.93656703]
item 7 not inside (hit boundary plane), [-0.59067067 -1.11604658 -0.92932933 -0.78395342 -0.69422483  1.14641436
 -2.61641436]
close env.
closed runner.
pybullet build time: Jul 30 2026 15:27:10
pybullet build time: Jul 30 2026 15:27:10
