argv[0]=
transport item 4
place item 4
transport item 0
place item 0
transport item 16
place item 16
transport item 1
place item 1
transport item 3
place item 3
transport item 15
place item 15
transport item 8
place item 8
transport item 13
place item 13
transport item 14
place item 14
transport item 17
place item 17
transport item 6
place item 6
transport item 28
place item 28
transport item 30
place item 30
transport item 31
place item 31
transport item 25
place item 25
transport item 9
place item 9
transport item 34
place item 34
transport item 26
place item 26
transport item 37
place item 37
transport item 2
place item 2
transport item 7
place item 7
transport item 40
place item 40
transport item 5
place item 5
transport item 11
place item 11
transport item 19
place item 19
transport item 20
place item 20
transport item 10
collision: 10 and 8 at (np.float32(0.0), np.float32(-0.725), np.float32(0.32999998)), distance -0.08000565686442968
collision: 10 and 14 at (np.float32(0.0), np.float32(-0.725), np.float32(0.32999998)), distance -0.14465511673172637
collision: 10 and 9 at (np.float32(0.0), np.float32(-0.725), np.float32(0.32999998)), distance -0.013199592272988763
item 10 not packable. removed.
item 3 not inside (hit boundary plane), [ 3.27682029e-05 -5.86994621e-01 -1.53003277e+00 -1.33300538e+00
 -6.17180692e-01 -1.39373743e+00 -1.62625728e-02]
item 8 not inside (hit boundary plane), [-6.82408279e-05 -6.37225702e-01 -1.52993176e+00 -1.28277430e+00
 -5.83466351e-01 -5.07895497e-01 -9.02104503e-01]
item 13 not inside (hit boundary plane), [ 2.80619265e-04 -5.73020224e-01 -1.53028062e+00 -1.34697978e+00
 -6.26397493e-01 -7.00743927e-01 -7.09256073e-01]
item 17 not inside (hit boundary plane), [-0.24987389 -0.58533166 -1.28012611 -1.33466834 -0.80321527 -1.40759858
 -0.00240142]
item 6 not inside (hit boundary plane), [-5.08883172e-01 -3.72238751e-02 -1.02111683e+00 -1.88277612e+00
 -1.36356381e+00 -1.41028616e+00  2.86161785e-04]
item 28 not inside (hit boundary plane), [-0.98220011 -0.08838288 -0.54779989 -1.83161712 -1.67937671 -1.41411923
  0.00411923]
item 40 not inside (hit boundary plane), [-0.77091746  0.00325706 -0.75908254 -1.92325706 -1.5846839  -0.42338465
 -0.98661535]
item 5 not inside (hit boundary plane), [-9.81041998e-01  7.82272017e-05 -5.48958002e-01 -1.92007823e+00
 -1.73802516e+00 -5.50468744e-01 -8.59531256e-01]
item 11 not inside (hit boundary plane), [-1.05599706e+00 -6.27233530e-01 -4.74002943e-01 -1.29276647e+00
 -1.37151186e+00 -1.40916440e+00 -8.35599876e-04]
item 19 not inside (hit boundary plane), [-1.23350608e+00 -5.71383839e-01 -2.96493916e-01 -1.34861616e+00
 -1.54042647e+00 -1.41008331e+00  8.33130089e-05]
item 20 not inside (hit boundary plane), [-1.22195197e+00  1.01123005e-04 -3.08048030e-01 -1.92010112e+00
 -1.91629950e+00 -6.40900452e-01 -7.69099548e-01]
close env.
closed runner.
pybullet build time: Jul 30 2026 15:27:10
pybullet build time: Jul 30 2026 15:27:10
