argv[0]=
transport item 0
place item 0
transport item 4
place item 4
transport item 6
place item 6
transport item 12
place item 12
transport item 3
place item 3
transport item 1
place item 1
transport item 17
place item 17
transport item 10
place item 10
transport item 5
place item 5
transport item 8
place item 8
transport item 13
place item 13
transport item 14
place item 14
transport item 9
place item 9
transport item 18
place item 18
transport item 24
place item 24
transport item 27
place item 27
transport item 30
Not safe place (disp: 0.86m, angle: 0.5deg). Item 30 removed.
item 3 not inside (hit boundary plane), [ 2.45663550e-05 -7.17409406e-01 -1.53002457e+00 -1.20259059e+00
 -5.29460282e-01 -1.39315696e+00 -1.68430368e-02]
item 17 not inside (hit boundary plane), [ 4.89783671e-05 -5.76191370e-01 -1.53004898e+00 -1.34380863e+00
 -6.24435750e-01 -1.39850923e+00 -1.14907718e-02]
item 8 not inside (hit boundary plane), [ 5.68901473e-06 -6.37051763e-01 -1.53000569e+00 -1.28294824e+00
 -5.83528651e-01 -5.08114101e-01 -9.01885899e-01]
item 14 not inside (hit boundary plane), [ 0.0145367  -0.36565245 -1.5445367  -1.55434755 -0.7553395  -0.11551084
 -1.29448916]
close env.
closed runner.
pybullet build time: Aug  1 2026 21:28:46
pybullet build time: Aug  1 2026 21:28:46
