argv[0]=
transport item 4
place item 4
transport item 0
place item 0
transport item 16
place item 16
transport item 1
place item 1
transport item 3
place item 3
transport item 15
place item 15
transport item 8
place item 8
transport item 13
place item 13
transport item 14
place item 14
transport item 5
place item 5
transport item 9
place item 9
transport item 30
place item 30
transport item 6
place item 6
transport item 10
Not safe place (disp: 1.02m, angle: 96.2deg). Item 10 removed.
item 3 not inside (hit boundary plane), [ 1.93829536e-05 -5.88618881e-01 -1.53001938e+00 -1.33138112e+00
 -6.16098000e-01 -1.39422339e+00 -1.57766084e-02]
item 15 not inside (hit boundary plane), [-0.51414066 -1.29174145 -1.01585934 -0.62825855 -0.5235742  -1.40687472
 -0.00312528]
item 8 not inside (hit boundary plane), [ 6.97889325e-06 -6.37006066e-01 -1.53000698e+00 -1.28299393e+00
 -5.83558436e-01 -5.08282746e-01 -9.01717254e-01]
item 13 not inside (hit boundary plane), [ 9.35183743e-05 -5.72362280e-01 -1.53009352e+00 -1.34763772e+00
 -6.26978518e-01 -7.02798281e-01 -7.07201719e-01]
close env.
closed runner.
pybullet build time: Aug  1 2026 21:28:46
pybullet build time: Aug  1 2026 21:28:46
