argv[0]=
transport item 4
place item 4
transport item 0
place item 0
transport item 16
place item 16
transport item 1
place item 1
transport item 3
place item 3
transport item 15
place item 15
transport item 8
place item 8
transport item 13
place item 13
transport item 14
place item 14
transport item 5
place item 5
transport item 9
place item 9
transport item 30
place item 30
transport item 10
place item 10
transport item 12
place item 12
transport item 6
place item 6
transport item 31
place item 31
transport item 34
Not safe place (disp: 0.53m, angle: 44.7deg). Item 34 removed.
item 3 not inside (hit boundary plane), [ 1.87319263e-05 -5.87186719e-01 -1.53001873e+00 -1.33281328e+00
 -6.17061859e-01 -1.39378798e+00 -1.62120204e-02]
item 8 not inside (hit boundary plane), [-6.09218469e-05 -6.37026564e-01 -1.52993908e+00 -1.28297344e+00
 -5.83594890e-01 -5.08263083e-01 -9.01736917e-01]
item 13 not inside (hit boundary plane), [ 4.03785580e-05 -5.72486979e-01 -1.53004038e+00 -1.34751302e+00
 -6.26933957e-01 -7.03072507e-01 -7.06927493e-01]
item 10 not inside (hit boundary plane), [-0.67529261 -0.68395856 -0.85470739 -1.23604144 -1.051656   -0.00467674
 -1.40532326]
close env.
closed runner.
pybullet build time: Jul 30 2026 15:27:10
pybullet build time: Jul 30 2026 15:27:10
