argv[0]=
transport item 1
place item 1
transport item 3
place item 3
transport item 4
place item 4
transport item 11
place item 11
transport item 23
place item 23
transport item 0
place item 0
transport item 2
place item 2
transport item 16
place item 16
transport item 13
place item 13
transport item 5
place item 5
transport item 6
place item 6
transport item 12
place item 12
transport item 14
place item 14
transport item 7
place item 7
transport item 33
place item 33
transport item 8
place item 8
transport item 10
place item 10
transport item 9
place item 9
transport item 15
collision: 15 and 16 at (np.float32(0.0), np.float32(-0.76), np.float32(0.32999998)), distance -0.06890504445157371
item 15 not packable. removed.
item 16 not inside (hit boundary plane), [-1.37098475e-05 -5.78334485e-01 -1.51998629e+00 -1.32166551e+00
 -6.27991470e-01 -7.17265821e-01 -7.52734179e-01]
item 5 not inside (hit boundary plane), [ 1.22348971e-04 -5.18221427e-01 -1.52012235e+00 -1.38177857e+00
 -6.68835090e-01 -7.15410539e-01 -7.54589461e-01]
close env.
closed runner.
pybullet build time: Jul 30 2026 15:27:10
pybullet build time: Jul 30 2026 15:27:10
