argv[0]=
transport item 6
place item 6
transport item 0
place item 0
transport item 23
place item 23
transport item 7
place item 7
transport item 16
place item 16
transport item 33
place item 33
transport item 2
place item 2
transport item 5
place item 5
transport item 8
place item 8
transport item 10
place item 10
transport item 15
place item 15
transport item 9
place item 9
transport item 27
place item 27
transport item 38
place item 38
transport item 29
place item 29
transport item 18
place item 18
transport item 1
place item 1
transport item 3
place item 3
transport item 4
collision: 4 and 16 at (np.float32(0.0), np.float32(-0.74), np.float32(0.32999998)), distance 0.011808206890424711
collision: 4 and 33 at (np.float32(0.0), np.float32(-0.74), np.float32(0.32999998)), distance 0.01223406509365989
item 4 not packable. removed.
item 16 not inside (hit boundary plane), [-2.74095994e-07 -6.70790129e-01 -1.51999973e+00 -1.22920987e+00
 -5.65009729e-01 -7.91813800e-01 -6.78186200e-01]
item 2 not inside (hit boundary plane), [ 1.03148328e-06 -6.09633318e-01 -1.52000103e+00 -1.29036668e+00
 -6.06662918e-01 -7.88299212e-01 -6.81700788e-01]
item 38 not inside (hit boundary plane), [-0.82266801  0.0045468  -0.69733199 -1.9045468  -1.62733078 -0.71216567
 -0.75783433]
item 29 not inside (hit boundary plane), [-1.21386416e+00  9.61563724e-04 -3.06135842e-01 -1.90096156e+00
 -1.91131749e+00 -5.59377705e-01 -9.10622295e-01]
close env.
closed runner.
pybullet build time: Aug  1 2026 21:28:46
pybullet build time: Aug  1 2026 21:28:46
