argv[0]=
transport item 8
place item 8
transport item 21
place item 21
transport item 3
place item 3
transport item 5
place item 5
transport item 9
place item 9
transport item 16
place item 16
transport item 13
place item 13
transport item 33
place item 33
transport item 17
place item 17
transport item 14
place item 14
transport item 30
place item 30
transport item 4
place item 4
transport item 0
place item 0
transport item 6
place item 6
transport item 10
place item 10
transport item 12
place item 12
transport item 24
place item 24
transport item 18
place item 18
transport item 1
collision: 1 and 13 at (np.float32(0.0), np.float32(-0.725), np.float32(0.25)), distance -0.14181726946367773
collision: 1 and 14 at (np.float32(0.0), np.float32(-0.725), np.float32(0.25)), distance -0.1439988687885555
collision: 1 and 30 at (np.float32(0.0), np.float32(-0.725), np.float32(0.25)), distance -0.0033382297816753727
item 1 not packable. removed.
item 21 not inside (hit boundary plane), [ 1.03217414e-04 -5.86563979e-01 -1.53010322e+00 -1.33343602e+00
 -6.17418245e-01 -1.39423108e+00 -1.57689189e-02]
item 13 not inside (hit boundary plane), [-6.20851013e-05 -6.37030706e-01 -1.52993791e+00 -1.28296929e+00
 -5.83592964e-01 -5.08322708e-01 -9.01677292e-01]
item 33 not inside (hit boundary plane), [ 5.05046916e-05 -5.77234117e-01 -1.53005050e+00 -1.34276588e+00
 -6.23733193e-01 -8.07055531e-01 -6.02944469e-01]
close env.
closed runner.
pybullet build time: Aug  1 2026 21:28:46
pybullet build time: Aug  1 2026 21:28:46
