argv[0]=
transport item 1
place item 1
transport item 3
place item 3
transport item 4
place item 4
transport item 11
place item 11
transport item 23
place item 23
transport item 0
place item 0
transport item 16
place item 16
transport item 12
place item 12
transport item 7
place item 7
transport item 2
place item 2
transport item 8
place item 8
transport item 13
place item 13
transport item 24
place item 24
transport item 6
place item 6
transport item 33
Not safe place (disp: 0.75m, angle: 64.8deg). Item 33 removed.
item 16 not inside (hit boundary plane), [ 1.98930981e-05 -5.84345408e-01 -1.52001989e+00 -1.31565459e+00
 -6.23872803e-01 -6.29173239e-01 -8.40826761e-01]
item 2 not inside (hit boundary plane), [ 7.77003702e-06 -4.66845494e-01 -1.52000777e+00 -1.43315451e+00
 -7.03911334e-01 -7.54224451e-01 -7.15775549e-01]
item 6 not inside (hit boundary plane), [-0.43764738 -1.17474906 -1.08235262 -0.72525094 -0.54220071  0.07781679
 -1.54781679]
close env.
closed runner.
pybullet build time: Aug  1 2026 21:28:46
pybullet build time: Aug  1 2026 21:28:46
