argv[0]=
transport item 2
place item 2
transport item 7
place item 7
transport item 0
place item 0
transport item 3
place item 3
transport item 1
place item 1
transport item 5
place item 5
transport item 4
place item 4
transport item 10
place item 10
transport item 6
place item 6
transport item 17
place item 17
transport item 9
place item 9
transport item 12
place item 12
transport item 11
place item 11
transport item 19
place item 19
transport item 18
place item 18
transport item 24
place item 24
transport item 15
place item 15
transport item 25
place item 25
transport item 27
place item 27
transport item 16
place item 16
transport item 29
place item 29
transport item 26
place item 26
transport item 31
place item 31
transport item 32
place item 32
transport item 8
collision: 8 and 17 at (np.float32(0.0), np.float32(-0.725), np.float32(0.32999998)), distance -0.0487901474814251
collision: 8 and 16 at (np.float32(0.0), np.float32(-0.725), np.float32(0.32999998)), distance -0.21364827551769033
collision: 8 and 29 at (np.float32(0.0), np.float32(-0.725), np.float32(0.32999998)), distance -0.16101559672286456
item 8 not packable. removed.
item 3 not inside (hit boundary plane), [ 1.09294718e-05 -5.87339609e-01 -1.53001093e+00 -1.33266039e+00
 -6.16964787e-01 -1.39420280e+00 -1.57972022e-02]
item 5 not inside (hit boundary plane), [ 9.08892387e-06 -4.67326426e-01 -1.53000909e+00 -1.45267357e+00
 -6.97695752e-01 -1.39800661e+00 -1.19933933e-02]
item 17 not inside (hit boundary plane), [ 3.12017574e-05 -5.87211432e-01 -1.53003120e+00 -1.33278857e+00
 -6.17036007e-01 -7.36178481e-01 -6.73821519e-01]
item 9 not inside (hit boundary plane), [ 5.02030680e-05 -4.66575687e-01 -1.53005020e+00 -1.45342431e+00
 -6.98170332e-01 -7.06523667e-01 -7.03476333e-01]
item 16 not inside (hit boundary plane), [-0.37767178 -0.63732045 -1.15232822 -1.28267955 -0.86280661  0.0474646
 -1.4574646 ]
item 29 not inside (hit boundary plane), [-0.39648828 -0.68603619 -1.13351172 -1.23396381 -0.84395994  0.30520502
 -1.71520502]
item 31 not inside (hit boundary plane), [-0.39303892 -0.6359116  -1.13696108 -1.2840884  -0.87512506  0.53458115
 -1.94458115]
close env.
closed runner.
pybullet build time: Jul 30 2026 15:27:10
pybullet build time: Jul 30 2026 15:27:10
