argv[0]=
Perform Optimization!
transport item 3
place item 3
transport item 17
place item 17
transport item 21
place item 21
transport item 0
place item 0
transport item 4
place item 4
transport item 33
place item 33
transport item 5
place item 5
transport item 9
place item 9
transport item 11
place item 11
transport item 19
place item 19
transport item 20
place item 20
transport item 22
place item 22
transport item 23
place item 23
transport item 35
place item 35
transport item 39
place item 39
transport item 6
place item 6
transport item 10
place item 10
transport item 12
place item 12
transport item 18
place item 18
transport item 24
place item 24
transport item 27
collision: 27 and 20 at (np.float32(0.0), np.float32(-0.725), np.float32(0.32999998)), distance -0.035130159331165284
collision: 27 and 22 at (np.float32(0.0), np.float32(-0.725), np.float32(0.32999998)), distance -0.12381136949983351
item 27 not packable. removed.
item 0 not inside (hit boundary plane), [ 1.93365283e-05 -6.84858858e-01 -1.53001934e+00 -1.23514114e+00
 -5.51360020e-01 -1.39217211e+00 -1.78278867e-02]
item 5 not inside (hit boundary plane), [ 8.53823025e-05 -4.68268036e-01 -1.53008538e+00 -1.45173196e+00
 -6.97005904e-01 -1.39701840e+00 -1.29816040e-02]
item 20 not inside (hit boundary plane), [ 4.93820449e-06 -1.13645671e+00 -1.53000494e+00 -7.83543294e-01
 -2.47593088e-01 -8.16880694e-01 -5.93119306e-01]
item 39 not inside (hit boundary plane), [ 1.17628887e-04 -5.68104756e-01 -1.53011763e+00 -1.35189524e+00
 -6.29824598e-01 -7.02512905e-01 -7.07487095e-01]
close env.
closed runner.
pybullet build time: Aug  1 2026 21:28:46
pybullet build time: Aug  1 2026 21:28:46
