argv[0]=
transport item 1
place item 1
transport item 3
place item 3
transport item 4
place item 4
transport item 12
place item 12
transport item 13
place item 13
transport item 11
place item 11
transport item 14
place item 14
transport item 16
place item 16
transport item 17
place item 17
transport item 2
place item 2
transport item 5
place item 5
transport item 6
place item 6
transport item 19
place item 19
transport item 10
place item 10
transport item 22
place item 22
transport item 21
Not safe place (disp: 1.28m, angle: 179.9deg). Item 21 removed.
item 16 not inside (hit boundary plane), [ 2.19495058e-05 -5.77587328e-01 -1.52002195e+00 -1.32241267e+00
 -6.28474252e-01 -6.26461160e-01 -8.43538840e-01]
item 5 not inside (hit boundary plane), [-5.25924406e-07 -4.67543621e-01 -1.51999947e+00 -1.43245638e+00
 -7.03441911e-01 -7.53020649e-01 -7.16979351e-01]
close env.
closed runner.
pybullet build time: Jul 30 2026 15:27:10
pybullet build time: Jul 30 2026 15:27:10
