argv[0]=
transport item 1
place item 1
transport item 3
place item 3
transport item 4
place item 4
transport item 11
place item 11
transport item 23
place item 23
transport item 0
place item 0
transport item 5
place item 5
transport item 24
place item 24
transport item 12
place item 12
transport item 2
place item 2
transport item 13
place item 13
transport item 17
Not safe place (disp: 0.84m, angle: 180.0deg). Item 17 removed.
item 24 not inside (hit boundary plane), [ 6.12984795e-06 -6.70752443e-01 -1.52000613e+00 -1.22924756e+00
 -5.65030708e-01 -7.90988803e-01 -6.79011197e-01]
item 2 not inside (hit boundary plane), [ 1.05067687e-05 -4.66640104e-01 -1.52001051e+00 -1.43335990e+00
 -7.04049222e-01 -7.16376232e-01 -7.53623768e-01]
close env.
closed runner.
pybullet build time: Jul 30 2026 15:27:10
pybullet build time: Jul 30 2026 15:27:10
