argv[0]=
transport item 2
place item 2
transport item 5
place item 5
transport item 23
place item 23
transport item 0
place item 0
transport item 7
place item 7
transport item 8
place item 8
transport item 16
place item 16
transport item 33
place item 33
transport item 6
place item 6
transport item 10
place item 10
transport item 9
place item 9
transport item 15
place item 15
transport item 27
place item 27
transport item 18
place item 18
transport item 20
place item 20
transport item 30
place item 30
transport item 31
place item 31
transport item 1
place item 1
transport item 3
collision: 3 and 16 at (np.float32(0.0), np.float32(-0.76), np.float32(0.32999998)), distance -0.0725689038900136
collision: 3 and 9 at (np.float32(0.0), np.float32(-0.76), np.float32(0.32999998)), distance -0.1314649723897334
item 3 not packable. removed.
item 16 not inside (hit boundary plane), [-1.14283550e-06 -5.78482408e-01 -1.51999886e+00 -1.32151759e+00
 -6.27881517e-01 -6.88186282e-01 -7.81813718e-01]
item 6 not inside (hit boundary plane), [ 8.93273878e-05 -4.66814077e-01 -1.52008933e+00 -1.43318592e+00
 -7.03873017e-01 -7.16626928e-01 -7.53373072e-01]
close env.
closed runner.
pybullet build time: Jul 30 2026 15:27:10
pybullet build time: Jul 30 2026 15:27:10
