argv[0]=
transport item 1
place item 1
transport item 3
place item 3
transport item 4
place item 4
transport item 11
place item 11
transport item 0
place item 0
transport item 2
place item 2
transport item 23
place item 23
transport item 5
place item 5
transport item 13
place item 13
transport item 12
place item 12
transport item 14
place item 14
transport item 17
place item 17
transport item 6
place item 6
transport item 10
Not safe place (disp: 0.99m, angle: 62.0deg). Item 10 removed.
item 23 not inside (hit boundary plane), [ 2.33725364e-05 -6.26503838e-01 -1.52002337e+00 -1.27349616e+00
 -5.95155982e-01 -5.17967242e-01 -9.52032758e-01]
item 5 not inside (hit boundary plane), [ 1.96328853e-05 -5.66594215e-01 -1.52001963e+00 -1.33340578e+00
 -6.35963401e-01 -7.11938125e-01 -7.58061875e-01]
item 17 not inside (hit boundary plane), [-0.42766027 -0.59000736 -1.09233973 -1.30999264 -0.93315817  0.0702446
 -1.5402446 ]
close env.
closed runner.
pybullet build time: Jul 30 2026 15:27:10
pybullet build time: Jul 30 2026 15:27:10
