argv[0]=
transport item 0
place item 0
transport item 4
place item 4
transport item 6
place item 6
transport item 12
place item 12
transport item 3
place item 3
transport item 1
place item 1
transport item 8
place item 8
transport item 13
place item 13
transport item 14
place item 14
transport item 5
place item 5
transport item 17
place item 17
transport item 10
place item 10
transport item 21
place item 21
transport item 18
place item 18
transport item 9
Not safe place (disp: 0.39m, angle: 51.6deg). Item 9 removed.
item 3 not inside (hit boundary plane), [ 2.23834395e-05 -5.87185547e-01 -1.53002238e+00 -1.33281445e+00
 -6.17059945e-01 -1.39378673e+00 -1.62132732e-02]
item 1 not inside (hit boundary plane), [-0.65379654 -1.21113154 -0.87620346 -0.70886846 -0.68113527 -1.41369043
  0.00369043]
item 8 not inside (hit boundary plane), [-2.06967714e-05 -6.39288486e-01 -1.52997930e+00 -1.28071151e+00
 -5.82043592e-01 -5.10557926e-01 -8.99442074e-01]
item 13 not inside (hit boundary plane), [ 4.74890375e-04 -5.72925209e-01 -1.53047489e+00 -1.34707479e+00
 -6.26317658e-01 -7.03693629e-01 -7.06306371e-01]
item 14 not inside (hit boundary plane), [-0.44974729 -1.27253234 -1.08025271 -0.64746766 -0.4888484   0.01723134
 -1.42723134]
close env.
closed runner.
pybullet build time: Jul 30 2026 15:27:10
pybullet build time: Jul 30 2026 15:27:10
