argv[0]=
transport item 0
place item 0
transport item 4
place item 4
transport item 6
place item 6
transport item 12
place item 12
transport item 3
place item 3
transport item 1
place item 1
transport item 17
place item 17
transport item 10
place item 10
transport item 5
place item 5
transport item 8
place item 8
transport item 13
place item 13
transport item 18
place item 18
transport item 14
place item 14
transport item 9
place item 9
transport item 24
place item 24
transport item 27
place item 27
transport item 29
place item 29
transport item 30
place item 30
transport item 32
place item 32
transport item 16
place item 16
transport item 28
place item 28
transport item 31
place item 31
transport item 36
place item 36
transport item 2
collision: 2 and 8 at (np.float32(0.0), np.float32(-0.725), np.float32(0.32999998)), distance -0.05998346920213028
collision: 2 and 13 at (np.float32(0.0), np.float32(-0.725), np.float32(0.32999998)), distance -0.0957915065166727
item 2 not packable. removed.
item 3 not inside (hit boundary plane), [ 8.81027890e-06 -7.17500860e-01 -1.53000881e+00 -1.20249914e+00
 -5.29410423e-01 -1.39324266e+00 -1.67573433e-02]
item 17 not inside (hit boundary plane), [ 2.68018604e-05 -5.76210849e-01 -1.53002680e+00 -1.34378915e+00
 -6.24439056e-01 -1.39867897e+00 -1.13210311e-02]
item 8 not inside (hit boundary plane), [ 2.51700448e-05 -6.36591626e-01 -1.53002517e+00 -1.28340837e+00
 -5.83823758e-01 -5.07665967e-01 -9.02334033e-01]
item 18 not inside (hit boundary plane), [ 2.62113777e-05 -1.63615551e-02 -1.53002621e+00 -1.90363844e+00
 -1.00103488e+00 -4.56594328e-01 -9.53405672e-01]
item 29 not inside (hit boundary plane), [-1.33162188e+00 -1.26916881e+00 -1.98378120e-01 -6.50831188e-01
 -1.14364531e+00 -1.41003732e+00  3.73222601e-05]
close env.
closed runner.
pybullet build time: Aug  1 2026 21:28:46
pybullet build time: Aug  1 2026 21:28:46
