argv[0]=
transport item 8
place item 8
transport item 21
place item 21
transport item 3
place item 3
transport item 5
place item 5
transport item 9
place item 9
transport item 16
place item 16
transport item 13
place item 13
transport item 33
place item 33
transport item 17
place item 17
transport item 14
place item 14
transport item 31
place item 31
transport item 30
place item 30
transport item 0
place item 0
transport item 11
place item 11
transport item 19
place item 19
transport item 34
place item 34
transport item 4
place item 4
transport item 6
place item 6
transport item 10
place item 10
transport item 12
place item 12
transport item 40
place item 40
transport item 1
collision: 1 and 13 at (np.float32(0.0), np.float32(-0.725), np.float32(0.25)), distance -0.1415309983325319
collision: 1 and 30 at (np.float32(0.0), np.float32(-0.725), np.float32(0.25)), distance -0.14181814020099792
item 1 not packable. removed.
item 21 not inside (hit boundary plane), [ 1.04849473e-04 -5.86432899e-01 -1.53010485e+00 -1.33356710e+00
 -6.17505211e-01 -1.39427121e+00 -1.57287897e-02]
item 13 not inside (hit boundary plane), [ 2.86848931e-04 -6.37100848e-01 -1.53028685e+00 -1.28289915e+00
 -5.83287591e-01 -5.08674043e-01 -9.01325957e-01]
item 33 not inside (hit boundary plane), [ 8.01346857e-05 -5.78084915e-01 -1.53008013e+00 -1.34191509e+00
 -6.23138960e-01 -8.06788748e-01 -6.03211252e-01]
close env.
closed runner.
pybullet build time: Jul 30 2026 15:27:10
pybullet build time: Jul 30 2026 15:27:10
