argv[0]=
transport item 1
place item 1
transport item 3
place item 3
transport item 4
place item 4
transport item 11
place item 11
transport item 12
place item 12
transport item 13
place item 13
transport item 2
place item 2
transport item 14
place item 14
transport item 5
place item 5
transport item 17
place item 17
transport item 19
place item 19
transport item 0
place item 0
transport item 21
place item 21
transport item 7
place item 7
transport item 6
place item 6
transport item 10
place item 10
transport item 22
place item 22
transport item 8
place item 8
transport item 9
collision: 9 and 2 at (np.float32(0.0), np.float32(-0.76), np.float32(0.32999998)), distance -0.08491111747853172
collision: 9 and 0 at (np.float32(0.0), np.float32(-0.76), np.float32(0.32999998)), distance -0.02878521991213627
item 9 not packable. removed.
item 2 not inside (hit boundary plane), [-1.05586589e-04 -1.17080567e+00 -1.51989441e+00 -7.29194332e-01
 -2.24524282e-01 -7.10887417e-01 -7.59112583e-01]
item 5 not inside (hit boundary plane), [ 4.34861140e-06 -4.66547940e-01 -1.52000435e+00 -1.43345206e+00
 -7.04116504e-01 -7.16033324e-01 -7.53966676e-01]
item 7 not inside (hit boundary plane), [-0.76007587 -1.12365525 -0.75992413 -0.77634475 -0.81307878 -0.00460768
 -1.46539232]
item 6 not inside (hit boundary plane), [-0.99104869 -1.17319571 -0.52895131 -0.72680429 -0.94845182  0.01552991
 -1.48552991]
item 22 not inside (hit boundary plane), [-1.24153624 -1.09754711 -0.27846376 -0.80245289 -1.18338004  0.0054645
 -1.4754645 ]
close env.
closed runner.
pybullet build time: Jul 30 2026 15:27:10
pybullet build time: Jul 30 2026 15:27:10
