argv[0]=
transport item 0
place item 0
transport item 4
place item 4
transport item 6
place item 6
transport item 10
place item 10
transport item 3
place item 3
transport item 1
place item 1
transport item 8
place item 8
transport item 13
place item 13
transport item 14
place item 14
transport item 17
place item 17
transport item 21
place item 21
transport item 12
place item 12
transport item 18
place item 18
transport item 5
place item 5
transport item 9
place item 9
transport item 24
place item 24
transport item 29
place item 29
transport item 30
place item 30
transport item 11
place item 11
transport item 16
Not safe place (disp: 0.36m, angle: 19.8deg). Item 16 removed.
item 3 not inside (hit boundary plane), [ 4.29781521e-05 -5.87088947e-01 -1.53004298e+00 -1.33291105e+00
 -6.17109686e-01 -1.39374794e+00 -1.62520647e-02]
item 8 not inside (hit boundary plane), [ 2.80753135e-05 -6.37155941e-01 -1.53002808e+00 -1.28284406e+00
 -5.83442009e-01 -5.08444060e-01 -9.01555940e-01]
item 13 not inside (hit boundary plane), [ 9.81537109e-05 -5.70511536e-01 -1.53009815e+00 -1.34948846e+00
 -6.28220033e-01 -7.03270965e-01 -7.06729035e-01]
item 24 not inside (hit boundary plane), [-1.09970217e+00 -6.79064152e-01 -4.30297829e-01 -1.24093585e+00
 -1.36898597e+00 -1.41016096e+00  1.60964678e-04]
item 29 not inside (hit boundary plane), [-1.33966716e+00 -6.77619520e-01 -1.90332840e-01 -1.24238048e+00
 -1.54751745e+00 -1.41002866e+00  2.86591276e-05]
close env.
closed runner.
pybullet build time: Aug  1 2026 21:28:46
pybullet build time: Aug  1 2026 21:28:46
