argv[0]=
transport item 2
place item 2
transport item 5
place item 5
transport item 23
place item 23
transport item 0
place item 0
transport item 7
place item 7
transport item 8
place item 8
transport item 16
place item 16
transport item 33
place item 33
transport item 6
place item 6
transport item 10
place item 10
transport item 9
place item 9
transport item 15
place item 15
transport item 18
place item 18
transport item 20
place item 20
transport item 30
place item 30
transport item 1
Not safe place (disp: 0.40m, angle: 90.0deg). Item 1 removed.
item 16 not inside (hit boundary plane), [-1.01207326e-06 -5.78230149e-01 -1.51999899e+00 -1.32176985e+00
 -6.28053237e-01 -6.88244762e-01 -7.81755238e-01]
item 6 not inside (hit boundary plane), [ 1.75615360e-04 -4.66387608e-01 -1.52017562e+00 -1.43361239e+00
 -7.04100308e-01 -7.17310866e-01 -7.52689134e-01]
close env.
closed runner.
pybullet build time: Jul 30 2026 15:27:10
pybullet build time: Jul 30 2026 15:27:10
