argv[0]=
transport item 1
place item 1
transport item 3
place item 3
transport item 4
place item 4
transport item 11
place item 11
transport item 23
place item 23
transport item 2
place item 2
transport item 24
place item 24
transport item 13
place item 13
transport item 5
place item 5
transport item 6
place item 6
transport item 10
place item 10
transport item 15
place item 15
transport item 18
place item 18
transport item 0
place item 0
transport item 33
place item 33
transport item 20
place item 20
transport item 7
collision: 7 and 24 at (np.float32(0.0), np.float32(-0.76), np.float32(0.32999998)), distance -0.01849335493557355
item 7 not packable. removed.
item 24 not inside (hit boundary plane), [ 3.93091267e-06 -5.78754911e-01 -1.52000393e+00 -1.32124509e+00
 -6.27692200e-01 -7.17610716e-01 -7.52389284e-01]
item 5 not inside (hit boundary plane), [ 4.28933056e-05 -5.17586029e-01 -1.52004289e+00 -1.38241397e+00
 -6.69326039e-01 -7.15596356e-01 -7.54403644e-01]
item 33 not inside (hit boundary plane), [-1.35850155e+00 -3.30967199e-01 -1.61498453e-01 -1.56903280e+00
 -1.79114108e+00  1.59800403e-03 -1.47159800e+00]
close env.
closed runner.
pybullet build time: Aug  1 2026 21:28:46
pybullet build time: Aug  1 2026 21:28:46
