argv[0]=
transport item 8
place item 8
transport item 1
place item 1
transport item 2
place item 2
transport item 7
place item 7
transport item 6
place item 6
transport item 10
place item 10
transport item 12
place item 12
transport item 9
place item 9
transport item 11
place item 11
transport item 5
place item 5
transport item 19
Not safe place (disp: 0.78m, angle: 90.0deg). Item 19 removed.
item 0 not inside (hit boundary plane), [-0.21158757 -0.79201476 -1.31841243 -1.12798524 -0.63585559  0.24696109
 -1.65696109]
item 3 not inside (hit boundary plane), [ 4.06513468e-06 -1.47920336e-01 -1.53000407e+00 -1.77207966e+00
 -9.12555256e-01 -8.12004494e-01 -5.97995506e-01]
item 4 not inside (hit boundary plane), [ 5.57776261e-06 -8.87201425e-01 -1.53000558e+00 -1.03279858e+00
 -4.15259861e-01 -6.11345545e-01 -7.98654455e-01]
close env.
closed runner.
pybullet build time: Aug  1 2026 21:29:20
pybullet build time: Aug  1 2026 21:29:20
