argv[0]=
transport item 8
place item 8
transport item 21
place item 21
transport item 3
place item 3
transport item 5
place item 5
transport item 9
place item 9
transport item 16
place item 16
transport item 13
place item 13
transport item 17
place item 17
transport item 33
place item 33
transport item 0
place item 0
transport item 4
place item 4
transport item 6
place item 6
transport item 14
place item 14
transport item 30
place item 30
transport item 12
place item 12
transport item 18
place item 18
transport item 11
place item 11
transport item 19
place item 19
transport item 10
place item 10
transport item 24
place item 24
transport item 27
place item 27
transport item 1
collision: 1 and 13 at (np.float32(0.0), np.float32(-0.725), np.float32(0.25)), distance -0.1417706205492751
collision: 1 and 14 at (np.float32(0.0), np.float32(-0.725), np.float32(0.25)), distance -0.13881463431238372
collision: 1 and 30 at (np.float32(0.0), np.float32(-0.725), np.float32(0.25)), distance -0.025636908377127954
item 1 not packable. removed.
item 21 not inside (hit boundary plane), [ 1.83555787e-04 -5.86542720e-01 -1.53018356e+00 -1.33345728e+00
 -6.17373099e-01 -1.39449529e+00 -1.55047149e-02]
item 9 not inside (hit boundary plane), [-1.03966409e+00 -6.31861408e-01 -4.90335907e-01 -1.28813859e+00
 -1.35631340e+00 -1.40999059e+00 -9.40538837e-06]
item 13 not inside (hit boundary plane), [ 4.04143261e-05 -6.36953680e-01 -1.53004041e+00 -1.28304632e+00
 -5.83568934e-01 -5.08227755e-01 -9.01772245e-01]
item 17 not inside (hit boundary plane), [-1.05106723e-05 -5.76090842e-01 -1.52998949e+00 -1.34390916e+00
 -6.24547390e-01 -8.07337925e-01 -6.02662075e-01]
close env.
closed runner.
pybullet build time: Jul 30 2026 15:27:10
pybullet build time: Jul 30 2026 15:27:10
