argv[0]=
transport item 0
place item 0
transport item 4
place item 4
transport item 6
place item 6
transport item 12
place item 12
transport item 3
place item 3
transport item 1
place item 1
transport item 8
place item 8
transport item 13
place item 13
transport item 14
place item 14
transport item 5
place item 5
transport item 17
place item 17
transport item 10
place item 10
transport item 21
place item 21
transport item 18
place item 18
transport item 16
place item 16
transport item 28
place item 28
transport item 15
place item 15
transport item 24
Not safe place (disp: 1.04m, angle: 90.1deg). Item 24 removed.
item 3 not inside (hit boundary plane), [ 1.00635234e-05 -5.87172637e-01 -1.53001006e+00 -1.33282736e+00
 -6.17077745e-01 -1.39376908e+00 -1.62309197e-02]
item 8 not inside (hit boundary plane), [ 1.48936201e-05 -6.37307540e-01 -1.53001489e+00 -1.28269246e+00
 -5.83349786e-01 -5.08399744e-01 -9.01600256e-01]
item 13 not inside (hit boundary plane), [ 1.79428315e-04 -5.73165299e-01 -1.53017943e+00 -1.34683470e+00
 -6.26374780e-01 -7.04688384e-01 -7.05311616e-01]
close env.
closed runner.
pybullet build time: Aug  1 2026 21:28:46
pybullet build time: Aug  1 2026 21:28:46
