argv[0]=
transport item 2
place item 2
transport item 5
place item 5
transport item 23
place item 23
transport item 6
place item 6
transport item 10
place item 10
transport item 0
place item 0
transport item 24
place item 24
transport item 33
place item 33
transport item 15
place item 15
transport item 18
place item 18
transport item 20
place item 20
transport item 3
place item 3
transport item 4
place item 4
transport item 11
place item 11
transport item 1
place item 1
transport item 7
place item 7
transport item 13
place item 13
transport item 8
collision: 8 and 24 at (np.float32(0.0), np.float32(-0.76), np.float32(0.32999998)), distance -0.047221730177225724
collision: 8 and 33 at (np.float32(0.0), np.float32(-0.76), np.float32(0.32999998)), distance -0.04716629821881613
item 8 not packable. removed.
item 24 not inside (hit boundary plane), [ 2.73669107e-06 -5.77912896e-01 -1.52000274e+00 -1.32208710e+00
 -6.28266574e-01 -6.88295672e-01 -7.81704328e-01]
item 15 not inside (hit boundary plane), [ 5.96186212e-05 -4.67097242e-01 -1.52005962e+00 -1.43290276e+00
 -7.03701905e-01 -7.88900284e-01 -6.81099716e-01]
close env.
closed runner.
pybullet build time: Jul 30 2026 15:27:10
pybullet build time: Jul 30 2026 15:27:10
