argv[0]=
transport item 8
place item 8
transport item 17
place item 17
transport item 21
place item 21
transport item 9
place item 9
transport item 5
place item 5
transport item 16
place item 16
transport item 13
place item 13
transport item 3
place item 3
transport item 33
place item 33
transport item 14
place item 14
transport item 30
place item 30
transport item 0
place item 0
transport item 6
place item 6
transport item 10
place item 10
transport item 4
place item 4
transport item 18
place item 18
transport item 12
place item 12
transport item 31
Not safe place (disp: 0.35m, angle: 59.4deg). Item 31 removed.
item 17 not inside (hit boundary plane), [ 1.03217414e-04 -5.86563979e-01 -1.53010322e+00 -1.33343602e+00
 -6.17418245e-01 -1.39423108e+00 -1.57689189e-02]
item 13 not inside (hit boundary plane), [ 7.42838693e-05 -6.36357128e-01 -1.53007428e+00 -1.28364287e+00
 -5.83945157e-01 -5.07709143e-01 -9.02290857e-01]
item 3 not inside (hit boundary plane), [ 1.55838524e-05 -5.77174649e-01 -1.53001558e+00 -1.34282535e+00
 -6.23799035e-01 -8.06487984e-01 -6.03512016e-01]
close env.
closed runner.
pybullet build time: Aug  1 2026 21:28:46
pybullet build time: Aug  1 2026 21:28:46
