argv[0]=
transport item 2
place item 2
transport item 7
place item 7
transport item 0
place item 0
transport item 3
place item 3
transport item 1
place item 1
transport item 8
place item 8
transport item 9
place item 9
transport item 4
place item 4
transport item 6
place item 6
transport item 5
place item 5
transport item 15
place item 15
transport item 11
place item 11
transport item 17
place item 17
transport item 10
place item 10
transport item 12
place item 12
transport item 18
place item 18
transport item 16
place item 16
transport item 13
place item 13
transport item 14
place item 14
transport item 19
place item 19
transport item 20
place item 20
transport item 26
place item 26
transport item 23
place item 23
transport item 27
place item 27
transport item 21
collision: 21 and 8 at (np.float32(0.0), np.float32(-0.725), np.float32(0.32999998)), distance -0.09519158172905956
collision: 21 and 11 at (np.float32(0.0), np.float32(-0.725), np.float32(0.32999998)), distance 0.012720448690006835
collision: 21 and 17 at (np.float32(0.0), np.float32(-0.725), np.float32(0.32999998)), distance -0.13522900413292518
collision: 21 and 16 at (np.float32(0.0), np.float32(-0.725), np.float32(0.32999998)), distance -0.023560302994783622
collision: 21 and 13 at (np.float32(0.0), np.float32(-0.725), np.float32(0.32999998)), distance -0.08725465627579124
item 21 not packable. removed.
item 7 not inside (hit boundary plane), [-1.17433263 -1.9221954  -0.35566737  0.0021954  -0.58798747 -0.87288936
 -0.53711064]
item 3 not inside (hit boundary plane), [ 2.47236274e-05 -5.87156907e-01 -1.53002472e+00 -1.33284309e+00
 -6.17077479e-01 -1.39373562e+00 -1.62643830e-02]
item 8 not inside (hit boundary plane), [ 4.49732953e-05 -6.37723891e-01 -1.53004497e+00 -1.28227611e+00
 -5.83047461e-01 -5.09088498e-01 -9.00911502e-01]
item 9 not inside (hit boundary plane), [ 1.20697020e-05 -4.68545922e-01 -1.53001207e+00 -1.45145408e+00
 -6.96873224e-01 -1.39657651e+00 -1.34234878e-02]
item 11 not inside (hit boundary plane), [ 8.06200573e-05 -5.72286021e-01 -1.53008062e+00 -1.34771398e+00
 -6.27039359e-01 -7.02158973e-01 -7.07841027e-01]
item 10 not inside (hit boundary plane), [-4.89943236e-01 -1.83500380e-05 -1.04005676e+00 -1.91998165e+00
 -1.37457654e+00 -8.16495928e-01 -5.93504072e-01]
item 12 not inside (hit boundary plane), [-0.88866587 -0.68409996 -0.64133413 -1.23590004 -1.20944431 -1.4059764
 -0.0040236 ]
item 16 not inside (hit boundary plane), [-0.62378863 -1.13145723 -0.90621137 -0.78854277 -0.71252596  0.30301306
 -1.71301306]
item 13 not inside (hit boundary plane), [-0.40998848 -0.63557652 -1.12001152 -1.28442348 -0.88789212  0.44270808
 -1.85270808]
item 14 not inside (hit boundary plane), [-4.81533549e-01 -1.21780207e-03 -1.04846645e+00 -1.91878220e+00
 -1.36754704e+00 -7.29224994e-01 -6.80775006e-01]
item 27 not inside (hit boundary plane), [-1.29374217e+00  2.02892149e-04 -2.36257828e-01 -1.92020289e+00
 -1.96948841e+00 -8.22513965e-01 -5.87486035e-01]
close env.
closed runner.
pybullet build time: Aug  1 2026 21:29:20
pybullet build time: Aug  1 2026 21:29:20
