argv[0]=
transport item 2
place item 2
transport item 7
place item 7
transport item 0
place item 0
transport item 3
place item 3
transport item 1
place item 1
transport item 8
place item 8
transport item 9
place item 9
transport item 4
place item 4
transport item 6
place item 6
transport item 5
place item 5
transport item 15
place item 15
transport item 11
place item 11
transport item 17
place item 17
transport item 10
place item 10
transport item 12
place item 12
transport item 18
place item 18
transport item 16
place item 16
transport item 13
place item 13
transport item 14
place item 14
transport item 19
place item 19
transport item 20
place item 20
transport item 26
place item 26
transport item 24
place item 24
transport item 27
place item 27
transport item 29
Not safe place (disp: 0.31m, angle: 43.3deg). Item 29 removed.
item 7 not inside (hit boundary plane), [-1.18820061e+00 -1.92116225e+00 -3.41799393e-01  1.16225479e-03
 -5.98943913e-01 -8.67642315e-01 -5.42357685e-01]
item 3 not inside (hit boundary plane), [ 3.55104694e-05 -5.87183765e-01 -1.53003551e+00 -1.33281623e+00
 -6.17051430e-01 -1.39375657e+00 -1.62434302e-02]
item 8 not inside (hit boundary plane), [ 2.78569686e-05 -6.38270268e-01 -1.53002786e+00 -1.28172973e+00
 -5.82692593e-01 -5.09791782e-01 -9.00208218e-01]
item 9 not inside (hit boundary plane), [ 1.08782940e-05 -4.68559575e-01 -1.53001088e+00 -1.45144042e+00
 -6.96864922e-01 -1.39657031e+00 -1.34296874e-02]
item 11 not inside (hit boundary plane), [ 2.49296524e-05 -5.72381023e-01 -1.53002493e+00 -1.34761898e+00
 -6.27016661e-01 -7.02040059e-01 -7.07959941e-01]
item 10 not inside (hit boundary plane), [-4.89901803e-01  6.74702687e-05 -1.04009820e+00 -1.92006747e+00
 -1.37460361e+00 -8.15902049e-01 -5.94097951e-01]
item 16 not inside (hit boundary plane), [-0.62521066 -1.15248606 -0.90478934 -0.76751394 -0.69943266  0.33491128
 -1.74491128]
item 13 not inside (hit boundary plane), [-0.40998532 -0.63486591 -1.12001468 -1.28513409 -0.88836779  0.4390043
 -1.8490043 ]
item 14 not inside (hit boundary plane), [-0.47797354  0.0027432  -1.05202646 -1.9227432  -1.36757731 -0.7288605
 -0.6811395 ]
item 27 not inside (hit boundary plane), [-9.54643648e-01  4.21148743e-04 -5.75356352e-01 -1.92042115e+00
 -1.71872264e+00 -8.21901766e-01 -5.88098234e-01]
close env.
closed runner.
pybullet build time: Aug  1 2026 21:29:20
pybullet build time: Aug  1 2026 21:29:20
