argv[0]=
transport item 8
place item 8
transport item 4
place item 4
transport item 5
place item 5
transport item 11
place item 11
transport item 6
place item 6
transport item 9
place item 9
transport item 10
place item 10
transport item 2
place item 2
transport item 7
place item 7
transport item 1
place item 1
transport item 21
place item 21
transport item 20
place item 20
transport item 12
place item 12
transport item 18
place item 18
transport item 17
place item 17
transport item 13
place item 13
transport item 19
place item 19
transport item 16
place item 16
transport item 14
place item 14
transport item 15
place item 15
transport item 23
place item 23
transport item 24
place item 24
transport item 27
place item 27
transport item 22
place item 22
transport item 30
place item 30
transport item 29
place item 29
transport item 26
place item 26
transport item 31
place item 31
transport item 25
place item 25
transport item 28
place item 28
transport item 33
place item 33
transport item 37
place item 37
transport item 32
place item 32
transport item 35
place item 35
transport item 36
Not safe place (disp: 0.51m, angle: 17.6deg). Item 36 removed.
item 0 not inside (hit boundary plane), [ 3.64036829e-05 -8.67665517e-01 -1.53003640e+00 -1.05233448e+00
 -4.28378326e-01 -9.28431216e-01 -4.81568784e-01]
item 3 not inside (hit boundary plane), [ 1.43286400e-05 -8.30599159e-02 -1.53001433e+00 -1.83694008e+00
 -9.56177502e-01 -1.00729620e+00 -4.02703801e-01]
item 21 not inside (hit boundary plane), [ 2.29033718e-06 -5.84499214e-01 -1.53000229e+00 -1.33550079e+00
 -6.18881836e-01 -4.69500746e-02 -1.36304993e+00]
item 20 not inside (hit boundary plane), [ 2.66771681e-05 -4.62780570e-01 -1.53002668e+00 -1.45721943e+00
 -7.00740611e-01 -3.03337262e-01 -1.10666274e+00]
item 27 not inside (hit boundary plane), [-1.16191928 -0.00428356 -0.36808072 -1.91571644 -1.86892945 -0.35659332
 -1.05340668]
item 17 not inside (hit boundary plane), [ 1.92422868e-05 -5.87084196e-01 -1.53001924e+00 -1.33291580e+00
 -6.17130445e-01 -1.39393112e+00 -1.60688755e-02]
item 13 not inside (hit boundary plane), [-5.19924711e-01 -1.28288937e+00 -1.01007529e+00 -6.37110628e-01
 -5.33808601e-01 -1.41002644e+00  2.64377031e-05]
item 19 not inside (hit boundary plane), [ 9.56268516e-05 -4.67204602e-01 -1.53009563e+00 -1.45279540e+00
 -6.97713667e-01 -1.39831004e+00 -1.16899628e-02]
item 14 not inside (hit boundary plane), [ 0.03948868 -0.58813856 -1.56948868 -1.33186144 -0.58721619 -0.40597
 -1.00403   ]
item 22 not inside (hit boundary plane), [ 5.08388506e-05 -4.68142313e-01 -1.53005084e+00 -1.45185769e+00
 -6.97116034e-01 -7.06157294e-01 -7.03842706e-01]
item 31 not inside (hit boundary plane), [-0.56666448 -0.47935597 -0.96333552 -1.44064403 -1.10890829 -1.41265392
  0.00265392]
item 25 not inside (hit boundary plane), [-0.80998616 -0.04606973 -0.72001384 -1.87393027 -1.58041161 -1.41592255
  0.00592255]
close env.
closed runner.
pybullet build time: Aug  1 2026 21:29:20
pybullet build time: Aug  1 2026 21:29:20
