argv[0]=
transport item 2
place item 2
transport item 5
place item 5
transport item 23
place item 23
transport item 0
place item 0
transport item 7
place item 7
transport item 8
place item 8
transport item 16
place item 16
transport item 33
place item 33
transport item 6
place item 6
transport item 10
place item 10
transport item 24
place item 24
transport item 15
place item 15
transport item 1
place item 1
transport item 3
place item 3
transport item 4
place item 4
transport item 11
place item 11
transport item 9
collision: 9 and 16 at (np.float32(0.0), np.float32(-0.76), np.float32(0.32999998)), distance -0.047225697771870634
collision: 9 and 33 at (np.float32(0.0), np.float32(-0.76), np.float32(0.32999998)), distance -0.04715634612608244
item 9 not packable. removed.
item 16 not inside (hit boundary plane), [ 4.91054118e-06 -5.78007563e-01 -1.52000491e+00 -1.32199244e+00
 -6.28200504e-01 -6.88352984e-01 -7.81647016e-01]
item 6 not inside (hit boundary plane), [ 1.48478706e-04 -4.67407168e-01 -1.52014848e+00 -1.43259283e+00
 -7.03425751e-01 -7.16220371e-01 -7.53779629e-01]
close env.
closed runner.
pybullet build time: Aug  1 2026 21:28:46
pybullet build time: Aug  1 2026 21:28:46
