argv[0]=
transport item 1
place item 1
transport item 3
place item 3
transport item 4
place item 4
transport item 11
place item 11
transport item 12
place item 12
transport item 13
place item 13
transport item 14
place item 14
transport item 0
place item 0
transport item 16
place item 16
transport item 17
place item 17
transport item 19
place item 19
transport item 2
place item 2
transport item 21
place item 21
transport item 5
place item 5
transport item 6
place item 6
transport item 10
place item 10
transport item 25
Not safe place (disp: 0.15m, angle: 51.0deg). Item 25 removed.
item 16 not inside (hit boundary plane), [ 1.03282933e-06 -4.73396523e-01 -1.52000103e+00 -1.42660348e+00
 -6.99454335e-01 -6.20837221e-01 -8.49162779e-01]
item 19 not inside (hit boundary plane), [ 2.22757627e-04 -4.16555082e-01 -1.52022276e+00 -1.48344492e+00
 -7.38006921e-01 -6.16536434e-01 -8.53463566e-01]
close env.
closed runner.
pybullet build time: Jul 30 2026 15:27:10
pybullet build time: Jul 30 2026 15:27:10
