argv[0]=
transport item 1
place item 1
transport item 3
place item 3
transport item 4
place item 4
transport item 11
place item 11
transport item 0
place item 0
transport item 23
place item 23
transport item 2
place item 2
transport item 24
place item 24
transport item 12
place item 12
transport item 5
place item 5
transport item 13
place item 13
transport item 14
Not safe place (disp: 0.89m, angle: 180.0deg). Item 14 removed.
item 24 not inside (hit boundary plane), [ 5.87936705e-06 -6.71003861e-01 -1.52000588e+00 -1.22899614e+00
 -5.64859650e-01 -7.94521216e-01 -6.75478784e-01]
item 5 not inside (hit boundary plane), [ 1.57604511e-05 -4.66640896e-01 -1.52001576e+00 -1.43335910e+00
 -7.04044836e-01 -7.16374573e-01 -7.53625427e-01]
close env.
closed runner.
pybullet build time: Aug  1 2026 21:28:46
pybullet build time: Aug  1 2026 21:28:46
