argv[0]=
Perform Optimization!
transport item 9
place item 9
transport item 11
place item 11
transport item 33
place item 33
transport item 22
place item 22
transport item 5
place item 5
transport item 0
place item 0
transport item 23
place item 23
transport item 4
place item 4
transport item 10
place item 10
transport item 12
place item 12
transport item 18
place item 18
transport item 21
place item 21
transport item 35
place item 35
transport item 39
place item 39
transport item 17
place item 17
transport item 24
place item 24
transport item 19
place item 19
transport item 20
place item 20
transport item 27
place item 27
transport item 6
place item 6
transport item 29
place item 29
transport item 32
place item 32
transport item 3
place item 3
transport item 36
place item 36
transport item 38
place item 38
transport item 28
collision: 28 and 21 at (np.float32(0.0), np.float32(-0.725), np.float32(0.25)), distance -0.04343716731950959
item 28 not packable. removed.
item 5 not inside (hit boundary plane), [ 4.79595438e-05 -6.33521800e-01 -1.53004796e+00 -1.28647820e+00
 -5.85871883e-01 -1.39322292e+00 -1.67770821e-02]
item 4 not inside (hit boundary plane), [ 4.38117900e-05 -9.39906292e-03 -1.53004381e+00 -1.91060094e+00
 -1.00570534e+00 -1.39452441e+00 -1.54755860e-02]
item 21 not inside (hit boundary plane), [ 1.00458970e-04 -1.24231165e+00 -1.53010046e+00 -6.77688351e-01
 -1.76316668e-01 -9.06780542e-01 -5.03219458e-01]
item 27 not inside (hit boundary plane), [ 1.05166388e-04 -1.69623977e-02 -1.53010517e+00 -1.90303760e+00
 -1.00057229e+00 -9.29687503e-01 -4.80312497e-01]
item 29 not inside (hit boundary plane), [ 3.10967223e-05 -6.78051212e-02 -1.53003110e+00 -1.85219488e+00
 -9.66426580e-01 -4.56569126e-01 -9.53430874e-01]
close env.
closed runner.
pybullet build time: Aug  1 2026 21:28:46
pybullet build time: Aug  1 2026 21:28:46
