argv[0]=
transport item 4
place item 4
transport item 0
place item 0
transport item 16
place item 16
transport item 1
place item 1
transport item 3
place item 3
transport item 15
place item 15
transport item 8
place item 8
transport item 13
place item 13
transport item 14
place item 14
transport item 28
place item 28
transport item 25
place item 25
transport item 30
place item 30
transport item 5
place item 5
transport item 6
place item 6
transport item 31
Not safe place (disp: 0.44m, angle: 27.8deg). Item 31 removed.
item 3 not inside (hit boundary plane), [ 2.82793923e-05 -5.87231635e-01 -1.53002828e+00 -1.33276837e+00
 -6.17024580e-01 -1.39382320e+00 -1.61767967e-02]
item 15 not inside (hit boundary plane), [-5.05528890e-01 -6.62691351e-01 -1.02447111e+00 -1.25730865e+00
 -9.40346891e-01 -1.41130409e+00  1.30409435e-03]
item 8 not inside (hit boundary plane), [-3.06280431e-05 -6.36967442e-01 -1.52996937e+00 -1.28303256e+00
 -5.83612244e-01 -5.08258744e-01 -9.01741256e-01]
item 13 not inside (hit boundary plane), [ 1.28419762e-04 -5.72066176e-01 -1.53012842e+00 -1.34793382e+00
 -6.27151874e-01 -7.02199889e-01 -7.07800111e-01]
item 25 not inside (hit boundary plane), [-0.74324581 -0.66300648 -0.78675419 -1.25699352 -1.11603119 -1.41952357
  0.00952357]
item 5 not inside (hit boundary plane), [-8.72027173e-01 -1.58559446e-03 -6.57972827e-01 -1.91841441e+00
 -1.65624151e+00 -7.58377042e-01 -6.51622958e-01]
close env.
closed runner.
pybullet build time: Jul 30 2026 15:27:10
pybullet build time: Jul 30 2026 15:27:10
