argv[0]=
transport item 2
place item 2
transport item 5
place item 5
transport item 23
place item 23
transport item 0
place item 0
transport item 7
place item 7
transport item 8
place item 8
transport item 16
place item 16
transport item 33
place item 33
transport item 6
place item 6
transport item 10
place item 10
transport item 15
place item 15
transport item 9
place item 9
transport item 18
place item 18
transport item 27
place item 27
transport item 20
place item 20
transport item 38
place item 38
transport item 1
place item 1
transport item 30
place item 30
transport item 3
place item 3
transport item 4
place item 4
transport item 11
collision: 11 and 16 at (np.float32(0.0), np.float32(-0.76), np.float32(0.32999998)), distance -0.0722682077005924
collision: 11 and 9 at (np.float32(0.0), np.float32(-0.76), np.float32(0.32999998)), distance -0.0628343978163521
collision: 11 and 38 at (np.float32(0.0), np.float32(-0.76), np.float32(0.32999998)), distance -0.13256270515222698
item 11 not packable. removed.
item 16 not inside (hit boundary plane), [ 1.02208136e-06 -5.78204495e-01 -1.52000102e+00 -1.32179551e+00
 -6.28069220e-01 -6.88235863e-01 -7.81764137e-01]
item 6 not inside (hit boundary plane), [ 6.85000578e-05 -4.66710994e-01 -1.52006850e+00 -1.43328901e+00
 -7.03958477e-01 -7.16303144e-01 -7.53696856e-01]
item 9 not inside (hit boundary plane), [ 0.05304468 -0.62552414 -1.57304468 -1.27447586 -0.55700176  0.27995071
 -1.74995071]
item 27 not inside (hit boundary plane), [ 0.06844135 -0.62445935 -1.58844135 -1.27554065 -0.54645375  0.64555848
 -2.11555848]
close env.
closed runner.
pybullet build time: Jul 30 2026 15:27:10
pybullet build time: Jul 30 2026 15:27:10
