argv[0]=
transport item 4
place item 4
transport item 0
place item 0
transport item 16
place item 16
transport item 1
place item 1
transport item 3
place item 3
transport item 15
place item 15
transport item 8
place item 8
transport item 13
place item 13
transport item 14
place item 14
transport item 5
place item 5
transport item 9
place item 9
transport item 17
place item 17
transport item 30
place item 30
transport item 31
place item 31
transport item 28
place item 28
transport item 34
place item 34
transport item 25
place item 25
transport item 26
Not safe place (disp: 1.06m, angle: 88.4deg). Item 26 removed.
item 3 not inside (hit boundary plane), [ 6.98812319e-06 -5.87482159e-01 -1.53000699e+00 -1.33251784e+00
 -6.16871814e-01 -1.39388090e+00 -1.61190957e-02]
item 8 not inside (hit boundary plane), [ 4.33926607e-07 -6.37162480e-01 -1.53000043e+00 -1.28283752e+00
 -5.83458063e-01 -5.08322626e-01 -9.01677374e-01]
item 13 not inside (hit boundary plane), [ 3.26264016e-04 -5.72134587e-01 -1.53032626e+00 -1.34786541e+00
 -6.26959463e-01 -7.04014451e-01 -7.05985549e-01]
close env.
closed runner.
pybullet build time: Aug  1 2026 21:28:46
pybullet build time: Aug  1 2026 21:28:46
