argv[0]=
transport item 0
place item 0
transport item 4
place item 4
transport item 6
place item 6
transport item 12
place item 12
transport item 3
place item 3
transport item 1
place item 1
transport item 8
place item 8
transport item 13
place item 13
transport item 14
place item 14
transport item 21
place item 21
transport item 10
place item 10
transport item 18
place item 18
transport item 24
place item 24
transport item 27
place item 27
transport item 5
Not safe place (disp: 0.44m, angle: 90.0deg). Item 5 removed.
item 3 not inside (hit boundary plane), [-2.69969988e-01 -5.87082797e-01 -1.26003001e+00 -1.33291720e+00
 -8.16907237e-01 -1.40998902e+00 -1.09784474e-05]
item 8 not inside (hit boundary plane), [ 8.36557349e-06 -6.36982482e-01 -1.53000837e+00 -1.28301752e+00
 -5.83573274e-01 -4.97426856e-01 -9.12573144e-01]
item 13 not inside (hit boundary plane), [ 1.31287992e-04 -5.72468804e-01 -1.53013129e+00 -1.34753120e+00
 -6.26878915e-01 -6.99817306e-01 -7.10182694e-01]
item 14 not inside (hit boundary plane), [-0.46723645 -0.63497802 -1.06276355 -1.28502198 -0.93065478 -0.00335764
 -1.40664236]
item 21 not inside (hit boundary plane), [-2.49284386e-01 -5.83805784e-01 -1.28071561e+00 -1.33619422e+00
 -8.03805489e-01 -1.40903651e+00 -9.63494962e-04]
item 10 not inside (hit boundary plane), [-5.08213815e-01 -3.73943125e-02 -1.02178618e+00 -1.88260569e+00
 -1.36295388e+00 -1.41031519e+00  3.15190097e-04]
item 18 not inside (hit boundary plane), [-7.67830040e-01 -3.66857122e-02 -7.62169960e-01 -1.88331429e+00
 -1.55553099e+00 -1.41011085e+00  1.10849879e-04]
item 24 not inside (hit boundary plane), [-1.02726922e+00 -3.66617111e-02 -5.02730783e-01 -1.88333829e+00
 -1.74751657e+00 -1.41033591e+00  3.35905173e-04]
item 27 not inside (hit boundary plane), [-1.28677724e+00 -3.68064356e-02 -2.43222761e-01 -1.88319356e+00
 -1.93943961e+00 -1.41031937e+00  3.19373750e-04]
close env.
closed runner.
pybullet build time: Jul 30 2026 15:27:10
pybullet build time: Jul 30 2026 15:27:10
