argv[0]=
transport item 1
place item 1
transport item 3
place item 3
transport item 4
place item 4
transport item 11
place item 11
transport item 23
place item 23
transport item 2
place item 2
transport item 24
place item 24
transport item 12
place item 12
transport item 5
place item 5
transport item 13
place item 13
transport item 14
place item 14
transport item 17
place item 17
transport item 19
place item 19
transport item 6
place item 6
transport item 33
place item 33
transport item 0
place item 0
transport item 7
place item 7
transport item 8
collision: 8 and 24 at (np.float32(0.0), np.float32(-0.76), np.float32(0.32999998)), distance -0.018784416304564996
item 8 not packable. removed.
item 24 not inside (hit boundary plane), [-4.98960849e-05 -5.78297228e-01 -1.51995010e+00 -1.32170277e+00
 -6.28043341e-01 -7.16904384e-01 -7.53095616e-01]
item 5 not inside (hit boundary plane), [ 1.72564800e-04 -4.66539125e-01 -1.52017256e+00 -1.43346088e+00
 -7.03999343e-01 -7.16627997e-01 -7.53372003e-01]
item 7 not inside (hit boundary plane), [-1.27004498  0.00934351 -0.24995502 -1.90934351 -1.95816132 -0.41667295
 -1.05332705]
close env.
closed runner.
pybullet build time: Jul 30 2026 15:27:10
pybullet build time: Jul 30 2026 15:27:10
