argv[0]=
transport item 0
place item 0
transport item 4
place item 4
transport item 6
place item 6
transport item 12
place item 12
transport item 3
place item 3
transport item 1
place item 1
transport item 8
place item 8
transport item 13
place item 13
transport item 14
place item 14
transport item 17
place item 17
transport item 10
place item 10
transport item 18
place item 18
transport item 24
place item 24
transport item 27
place item 27
transport item 5
place item 5
transport item 9
place item 9
transport item 29
place item 29
transport item 30
Not safe place (disp: 0.40m, angle: 90.0deg). Item 30 removed.
item 3 not inside (hit boundary plane), [ 4.20814385e-05 -5.87139465e-01 -1.53004208e+00 -1.33286054e+00
 -6.17076368e-01 -1.39376765e+00 -1.62323521e-02]
item 8 not inside (hit boundary plane), [ 1.31872196e-05 -6.37021891e-01 -1.53001319e+00 -1.28297811e+00
 -5.83543197e-01 -5.08318408e-01 -9.01681592e-01]
item 13 not inside (hit boundary plane), [ 1.14492201e-04 -5.72464743e-01 -1.53011449e+00 -1.34753526e+00
 -6.26894074e-01 -6.98391186e-01 -7.11608814e-01]
item 17 not inside (hit boundary plane), [-2.49388238e-01 -5.82912764e-01 -1.28061176e+00 -1.33708724e+00
 -8.04483043e-01 -1.40910458e+00 -8.95415039e-04]
item 10 not inside (hit boundary plane), [-5.08282469e-01 -3.80948526e-02 -1.02171753e+00 -1.88190515e+00
 -1.36253345e+00 -1.41033703e+00  3.37028765e-04]
item 18 not inside (hit boundary plane), [-7.67755722e-01 -3.63341842e-02 -7.62244278e-01 -1.88366582e+00
 -1.55571246e+00 -1.41016037e+00  1.60369405e-04]
item 24 not inside (hit boundary plane), [-1.02710604e+00 -3.66180323e-02 -5.02893960e-01 -1.88338197e+00
 -1.74742521e+00 -1.41031492e+00  3.14919249e-04]
item 27 not inside (hit boundary plane), [-1.28652055e+00 -3.67556885e-02 -2.43479450e-01 -1.88324431e+00
 -1.93928381e+00 -1.41031119e+00  3.11188862e-04]
close env.
closed runner.
pybullet build time: Jul 30 2026 15:27:10
pybullet build time: Jul 30 2026 15:27:10
