argv[0]=
transport item 2
place item 2
transport item 5
place item 5
transport item 23
place item 23
transport item 0
place item 0
transport item 7
place item 7
transport item 8
place item 8
transport item 16
place item 16
transport item 33
place item 33
transport item 6
place item 6
transport item 10
place item 10
transport item 15
place item 15
transport item 18
place item 18
transport item 9
place item 9
transport item 27
place item 27
transport item 20
place item 20
transport item 1
place item 1
transport item 38
place item 38
transport item 4
place item 4
transport item 3
place item 3
transport item 11
Not safe place (disp: 0.96m, angle: 98.5deg). Item 11 removed.
item 16 not inside (hit boundary plane), [ 3.37003994e-06 -5.78057771e-01 -1.52000337e+00 -1.32194223e+00
 -6.28167435e-01 -6.88339173e-01 -7.81660827e-01]
item 6 not inside (hit boundary plane), [-8.65313833e-06 -4.66313339e-01 -1.51999135e+00 -1.43368666e+00
 -7.04285811e-01 -7.15774903e-01 -7.54225097e-01]
item 9 not inside (hit boundary plane), [ 0.05825186 -0.62477831 -1.57825186 -1.27522169 -0.55369712  0.27841514
 -1.74841514]
item 27 not inside (hit boundary plane), [ 0.06853491 -0.62489787 -1.58853491 -1.27510213 -0.54608658  0.64613016
 -2.11613016]
close env.
closed runner.
pybullet build time: Jul 30 2026 15:27:10
pybullet build time: Jul 30 2026 15:27:10
