argv[0]=
transport item 2
place item 2
transport item 5
place item 5
transport item 23
place item 23
transport item 0
place item 0
transport item 7
place item 7
transport item 8
place item 8
transport item 16
place item 16
transport item 33
place item 33
transport item 6
place item 6
transport item 10
place item 10
transport item 9
place item 9
transport item 15
place item 15
transport item 18
place item 18
transport item 20
place item 20
transport item 30
place item 30
transport item 1
place item 1
transport item 31
place item 31
transport item 3
place item 3
transport item 4
Not safe place (disp: 1.30m, angle: 180.0deg). Item 4 removed.
item 16 not inside (hit boundary plane), [-2.57568635e-07 -5.78633401e-01 -1.51999974e+00 -1.32136660e+00
 -6.27778027e-01 -6.88126988e-01 -7.81873012e-01]
item 6 not inside (hit boundary plane), [ 2.01356669e-04 -4.66379330e-01 -1.52020136e+00 -1.43362067e+00
 -7.04087099e-01 -7.18092547e-01 -7.51907453e-01]
close env.
closed runner.
pybullet build time: Jul 30 2026 15:27:10
pybullet build time: Jul 30 2026 15:27:10
