argv[0]=
transport item 0
place item 0
transport item 4
place item 4
transport item 6
place item 6
transport item 12
place item 12
transport item 3
place item 3
transport item 1
place item 1
transport item 8
place item 8
transport item 13
place item 13
transport item 14
place item 14
transport item 5
place item 5
transport item 17
place item 17
transport item 10
place item 10
transport item 21
place item 21
transport item 18
place item 18
transport item 16
place item 16
transport item 28
place item 28
transport item 15
Not safe place (disp: 0.98m, angle: 92.9deg). Item 15 removed.
item 3 not inside (hit boundary plane), [ 1.17369387e-05 -5.87193819e-01 -1.53001174e+00 -1.33280618e+00
 -6.17062258e-01 -1.39378997e+00 -1.62100252e-02]
item 8 not inside (hit boundary plane), [ 1.37723285e-05 -6.37214672e-01 -1.53001377e+00 -1.28278533e+00
 -5.83413085e-01 -5.08370617e-01 -9.01629383e-01]
item 13 not inside (hit boundary plane), [ 4.79852911e-04 -5.73175911e-01 -1.53047985e+00 -1.34682409e+00
 -6.26145346e-01 -7.04468027e-01 -7.05531973e-01]
close env.
closed runner.
pybullet build time: Jul 30 2026 15:27:10
pybullet build time: Jul 30 2026 15:27:10
