argv[0]=
transport item 4
place item 4
transport item 0
place item 0
transport item 8
place item 8
transport item 17
place item 17
transport item 3
place item 3
transport item 5
place item 5
transport item 6
place item 6
transport item 10
place item 10
transport item 13
place item 13
transport item 21
place item 21
transport item 12
place item 12
transport item 14
place item 14
transport item 30
place item 30
transport item 18
place item 18
transport item 11
place item 11
transport item 24
place item 24
transport item 19
Not safe place (disp: 0.34m, angle: 19.2deg). Item 19 removed.
item 17 not inside (hit boundary plane), [ 3.04819724e-05 -5.87111541e-01 -1.53003048e+00 -1.33288846e+00
 -6.17103734e-01 -1.39387912e+00 -1.61208769e-02]
item 5 not inside (hit boundary plane), [-7.89916706e-01 -6.35371824e-01 -7.40083294e-01 -1.28462818e+00
 -1.16915394e+00 -1.41010236e+00  1.02359642e-04]
item 6 not inside (hit boundary plane), [-1.02990942e+00 -6.84233243e-01 -5.00090581e-01 -1.23576676e+00
 -1.31386641e+00 -1.40953460e+00 -4.65396613e-04]
item 13 not inside (hit boundary plane), [ 2.83590869e-05 -6.37009746e-01 -1.53002836e+00 -1.28299025e+00
 -5.83540140e-01 -5.08300146e-01 -9.01699854e-01]
item 21 not inside (hit boundary plane), [ 2.42168452e-05 -5.77012968e-01 -1.53002422e+00 -1.34298703e+00
 -6.23901406e-01 -8.06820929e-01 -6.03179071e-01]
close env.
closed runner.
pybullet build time: Aug  1 2026 21:28:46
pybullet build time: Aug  1 2026 21:28:46
