argv[0]=
transport item 1
place item 1
transport item 3
place item 3
transport item 4
place item 4
transport item 11
place item 11
transport item 23
place item 23
transport item 2
place item 2
transport item 24
place item 24
transport item 13
place item 13
transport item 5
place item 5
transport item 6
place item 6
transport item 10
place item 10
transport item 15
place item 15
transport item 0
place item 0
transport item 7
place item 7
transport item 33
place item 33
transport item 8
place item 8
transport item 9
place item 9
transport item 27
place item 27
transport item 18
Not safe place (disp: 1.45m, angle: 179.8deg). Item 18 removed.
item 24 not inside (hit boundary plane), [ 4.69925722e-05 -5.79763009e-01 -1.52004699e+00 -1.32023699e+00
 -6.26974051e-01 -7.18377066e-01 -7.51622934e-01]
item 5 not inside (hit boundary plane), [ 3.20614977e-05 -5.18490174e-01 -1.52003206e+00 -1.38150983e+00
 -6.68718153e-01 -7.14452222e-01 -7.55547778e-01]
close env.
closed runner.
pybullet build time: Aug  1 2026 21:28:46
pybullet build time: Aug  1 2026 21:28:46
