argv[0]=
transport item 2
place item 2
transport item 5
place item 5
transport item 23
place item 23
transport item 6
place item 6
transport item 0
place item 0
transport item 7
place item 7
transport item 24
place item 24
transport item 33
place item 33
transport item 10
place item 10
transport item 8
place item 8
transport item 15
place item 15
transport item 18
place item 18
transport item 1
place item 1
transport item 3
place item 3
transport item 4
place item 4
transport item 11
place item 11
transport item 12
place item 12
transport item 13
place item 13
transport item 9
collision: 9 and 24 at (np.float32(0.0), np.float32(-0.76), np.float32(0.32999998)), distance -0.04737466370376217
collision: 9 and 33 at (np.float32(0.0), np.float32(-0.76), np.float32(0.32999998)), distance -0.05198264004407505
collision: 9 and 15 at (np.float32(0.0), np.float32(-0.76), np.float32(0.32999998)), distance 0.0044110911710282035
item 9 not packable. removed.
item 24 not inside (hit boundary plane), [-7.27356250e-05 -5.77820400e-01 -1.51992726e+00 -1.32217960e+00
 -6.28384833e-01 -6.87658650e-01 -7.82341350e-01]
item 10 not inside (hit boundary plane), [ 5.70079892e-07 -4.67194780e-01 -1.52000057e+00 -1.43280522e+00
 -7.03678706e-01 -7.88159388e-01 -6.81840612e-01]
item 3 not inside (hit boundary plane), [-0.84809811 -0.03088065 -0.67190189 -1.86911935 -1.62182059  0.00282191
 -1.47282191]
item 11 not inside (hit boundary plane), [-1.08560852 -0.08580593 -0.43439148 -1.81419407 -1.75831273  0.02612921
 -1.49612921]
close env.
closed runner.
pybullet build time: Jul 30 2026 15:27:10
pybullet build time: Jul 30 2026 15:27:10
