argv[0]=
transport item 1
place item 1
transport item 3
place item 3
transport item 4
place item 4
transport item 11
place item 11
transport item 23
place item 23
transport item 2
place item 2
transport item 24
place item 24
transport item 13
place item 13
transport item 5
place item 5
transport item 6
place item 6
transport item 10
place item 10
transport item 12
place item 12
transport item 15
place item 15
transport item 18
place item 18
transport item 33
place item 33
transport item 14
place item 14
transport item 0
collision: 0 and 24 at (np.float32(0.0), np.float32(-0.76), np.float32(0.32999998)), distance -0.018483728325851417
item 0 not packable. removed.
item 24 not inside (hit boundary plane), [-3.91841749e-05 -5.78051994e-01 -1.51996082e+00 -1.32194801e+00
 -6.28202528e-01 -7.16865106e-01 -7.53134894e-01]
item 5 not inside (hit boundary plane), [ 1.53359522e-04 -5.17069088e-01 -1.52015336e+00 -1.38293091e+00
 -6.69597247e-01 -7.16553335e-01 -7.53446665e-01]
close env.
closed runner.
pybullet build time: Aug  1 2026 21:28:46
pybullet build time: Aug  1 2026 21:28:46
