argv[0]=
transport item 1
place item 1
transport item 3
place item 3
transport item 4
place item 4
transport item 11
place item 11
transport item 12
place item 12
transport item 13
place item 13
transport item 14
place item 14
transport item 0
place item 0
transport item 16
place item 16
transport item 17
place item 17
transport item 19
place item 19
transport item 2
place item 2
transport item 21
place item 21
transport item 5
place item 5
transport item 6
place item 6
transport item 10
place item 10
transport item 25
place item 25
transport item 26
place item 26
transport item 7
place item 7
transport item 8
collision: 8 and 16 at (np.float32(0.0), np.float32(-0.76), np.float32(0.32999998)), distance -0.10497968090415859
item 8 not packable. removed.
item 16 not inside (hit boundary plane), [-7.00572511e-06 -4.73554453e-01 -1.51999299e+00 -1.42644555e+00
 -6.99352654e-01 -6.20932662e-01 -8.49067338e-01]
item 19 not inside (hit boundary plane), [ 3.57780250e-04 -4.16606409e-01 -1.52035778e+00 -1.48339359e+00
 -7.37873100e-01 -6.16691161e-01 -8.53308839e-01]
close env.
closed runner.
pybullet build time: Jul 30 2026 15:27:10
pybullet build time: Jul 30 2026 15:27:10
