argv[0]=
transport item 1
place item 1
transport item 3
place item 3
transport item 4
place item 4
transport item 11
place item 11
transport item 0
place item 0
transport item 2
place item 2
transport item 23
place item 23
transport item 5
place item 5
transport item 13
place item 13
transport item 12
place item 12
transport item 14
place item 14
transport item 17
place item 17
transport item 7
Not safe place (disp: 0.75m, angle: 179.6deg). Item 7 removed.
item 23 not inside (hit boundary plane), [ 1.29348316e-05 -6.26744287e-01 -1.52001293e+00 -1.27325571e+00
 -5.94999854e-01 -5.18164235e-01 -9.51835765e-01]
item 5 not inside (hit boundary plane), [ 1.22671289e-05 -5.67151204e-01 -1.52001227e+00 -1.33284880e+00
 -6.35589427e-01 -7.12084743e-01 -7.57915257e-01]
close env.
closed runner.
pybullet build time: Jul 30 2026 15:27:10
pybullet build time: Jul 30 2026 15:27:10
