argv[0]=
transport item 2
place item 2
transport item 5
place item 5
transport item 23
place item 23
transport item 0
place item 0
transport item 7
place item 7
transport item 8
place item 8
transport item 16
place item 16
transport item 33
place item 33
transport item 6
place item 6
transport item 10
place item 10
transport item 24
place item 24
transport item 15
place item 15
transport item 1
place item 1
transport item 3
place item 3
transport item 4
Not safe place (disp: 0.90m, angle: 131.2deg). Item 4 removed.
item 16 not inside (hit boundary plane), [ 8.35086125e-06 -5.77940019e-01 -1.52000835e+00 -1.32205998e+00
 -6.28243990e-01 -6.88374123e-01 -7.81625877e-01]
item 6 not inside (hit boundary plane), [ 2.28663280e-04 -4.67673847e-01 -1.52022866e+00 -1.43232615e+00
 -7.03185404e-01 -7.16178901e-01 -7.53821099e-01]
close env.
closed runner.
pybullet build time: Jul 30 2026 15:27:10
pybullet build time: Jul 30 2026 15:27:10
