argv[0]=
transport item 16
place item 16
transport item 8
place item 8
transport item 3
place item 3
transport item 21
place item 21
transport item 9
place item 9
transport item 5
place item 5
transport item 31
place item 31
transport item 13
place item 13
transport item 17
place item 17
transport item 33
place item 33
transport item 0
place item 0
transport item 4
place item 4
transport item 6
place item 6
transport item 14
place item 14
transport item 30
place item 30
transport item 10
place item 10
transport item 12
place item 12
transport item 11
place item 11
transport item 19
place item 19
transport item 27
place item 27
transport item 18
place item 18
transport item 24
place item 24
transport item 1
collision: 1 and 13 at (np.float32(0.0), np.float32(-0.725), np.float32(0.25)), distance -0.14175557630847976
collision: 1 and 14 at (np.float32(0.0), np.float32(-0.725), np.float32(0.25)), distance -0.13799512262623514
collision: 1 and 30 at (np.float32(0.0), np.float32(-0.725), np.float32(0.25)), distance -0.025633952564452528
item 1 not packable. removed.
item 3 not inside (hit boundary plane), [ 1.87665355e-04 -5.86668221e-01 -1.53018767e+00 -1.33333178e+00
 -6.17285638e-01 -1.39470148e+00 -1.52985190e-02]
item 5 not inside (hit boundary plane), [-1.03965361e+00 -6.30927238e-01 -4.90346387e-01 -1.28907276e+00
 -1.35693403e+00 -1.41000973e+00  9.72518227e-06]
item 13 not inside (hit boundary plane), [ 3.14315552e-05 -6.36990393e-01 -1.53003143e+00 -1.28300961e+00
 -5.83550885e-01 -5.08293005e-01 -9.01706995e-01]
item 17 not inside (hit boundary plane), [-1.05106723e-05 -5.76090842e-01 -1.52998949e+00 -1.34390916e+00
 -6.24547390e-01 -8.07337925e-01 -6.02662075e-01]
close env.
closed runner.
pybullet build time: Aug  1 2026 21:28:46
pybullet build time: Aug  1 2026 21:28:46
