argv[0]=
transport item 1
place item 1
transport item 3
place item 3
transport item 4
place item 4
transport item 11
place item 11
transport item 0
place item 0
transport item 7
place item 7
transport item 23
place item 23
transport item 2
place item 2
transport item 5
place item 5
transport item 6
place item 6
transport item 8
place item 8
transport item 12
place item 12
transport item 13
place item 13
transport item 9
Not safe place (disp: 0.26m, angle: 64.7deg). Item 9 removed.
item 23 not inside (hit boundary plane), [ 4.07190777e-05 -6.26919088e-01 -1.52004072e+00 -1.27308091e+00
 -5.94860453e-01 -5.18306092e-01 -9.51693908e-01]
item 2 not inside (hit boundary plane), [ 1.47197909e-04 -5.68351958e-01 -1.52014720e+00 -1.33164804e+00
 -6.34672794e-01 -7.95559938e-01 -6.74440062e-01]
close env.
closed runner.
pybullet build time: Aug  1 2026 21:28:46
pybullet build time: Aug  1 2026 21:28:46
