argv[0]=
transport item 2
place item 2
transport item 5
place item 5
transport item 23
place item 23
transport item 0
place item 0
transport item 7
place item 7
transport item 8
place item 8
transport item 16
place item 16
transport item 33
place item 33
transport item 6
place item 6
transport item 10
place item 10
transport item 15
place item 15
transport item 9
place item 9
transport item 18
place item 18
transport item 27
place item 27
transport item 20
place item 20
transport item 38
place item 38
transport item 30
place item 30
transport item 1
place item 1
transport item 3
place item 3
transport item 4
place item 4
transport item 11
Not safe place (disp: 0.72m, angle: 45.3deg). Item 11 removed.
item 16 not inside (hit boundary plane), [ 4.76409596e-06 -5.77996609e-01 -1.52000476e+00 -1.32200339e+00
 -6.28208072e-01 -6.88337872e-01 -7.81662128e-01]
item 6 not inside (hit boundary plane), [ 9.28898444e-05 -4.66688863e-01 -1.52009289e+00 -1.43331114e+00
 -7.03955692e-01 -7.16389560e-01 -7.53610440e-01]
item 9 not inside (hit boundary plane), [ 0.0737681  -0.62557818 -1.5937681  -1.27442182 -0.54179154  0.2786418
 -1.7486418 ]
item 27 not inside (hit boundary plane), [ 0.07423714 -0.62454062 -1.59423714 -1.27545938 -0.5421548   0.64609272
 -2.11609272]
item 38 not inside (hit boundary plane), [-0.1317445  -0.62554008 -1.3882555  -1.27445992 -0.69229109  0.23816899
 -1.70816899]
item 30 not inside (hit boundary plane), [ 0.05001013 -0.62398548 -1.57001013 -1.27601452 -0.5602716   0.93398524
 -2.40398524]
item 4 not inside (hit boundary plane), [-0.59350421 -0.67463934 -0.92649579 -1.22536066 -0.99694373  0.35124335
 -1.82124335]
close env.
closed runner.
pybullet build time: Jul 30 2026 15:27:10
pybullet build time: Jul 30 2026 15:27:10
