argv[0]=
transport item 0
place item 0
transport item 4
place item 4
transport item 6
place item 6
transport item 12
place item 12
transport item 17
place item 17
transport item 1
place item 1
transport item 8
place item 8
transport item 13
place item 13
transport item 14
place item 14
transport item 11
place item 11
transport item 9
place item 9
transport item 10
place item 10
transport item 18
place item 18
transport item 24
place item 24
transport item 27
place item 27
transport item 29
place item 29
transport item 30
place item 30
transport item 16
place item 16
transport item 31
place item 31
transport item 28
Not safe place (disp: 1.09m, angle: 89.9deg). Item 28 removed.
item 17 not inside (hit boundary plane), [ 1.12055901e-05 -5.87162454e-01 -1.53001121e+00 -1.33283755e+00
 -6.17083750e-01 -1.39371338e+00 -1.62866175e-02]
item 8 not inside (hit boundary plane), [-1.05390663e-04 -6.36966991e-01 -1.52989461e+00 -1.28303301e+00
 -5.83667867e-01 -5.08056093e-01 -9.01943907e-01]
item 13 not inside (hit boundary plane), [ 2.92032088e-04 -5.73816704e-01 -1.53029203e+00 -1.34618330e+00
 -6.25853278e-01 -7.05253792e-01 -7.04746208e-01]
close env.
closed runner.
pybullet build time: Aug  1 2026 21:28:46
pybullet build time: Aug  1 2026 21:28:46
