argv[0]=
transport item 2
place item 2
transport item 5
place item 5
transport item 23
place item 23
transport item 0
place item 0
transport item 6
place item 6
transport item 16
place item 16
transport item 33
place item 33
transport item 10
place item 10
transport item 18
place item 18
transport item 7
place item 7
transport item 8
place item 8
transport item 20
place item 20
transport item 1
place item 1
transport item 3
place item 3
transport item 4
place item 4
transport item 11
place item 11
transport item 12
place item 12
transport item 13
place item 13
transport item 14
place item 14
transport item 17
place item 17
transport item 19
place item 19
transport item 9
collision: 9 and 20 at (np.float32(0.0), np.float32(-0.76), np.float32(0.32999998)), distance -0.18671749068000296
collision: 9 and 12 at (np.float32(0.0), np.float32(-0.76), np.float32(0.32999998)), distance -0.022885599777870524
item 9 not packable. removed.
item 16 not inside (hit boundary plane), [ 5.55133422e-06 -5.77919650e-01 -1.52000555e+00 -1.32208035e+00
 -6.28259913e-01 -7.88351917e-01 -6.81648083e-01]
item 10 not inside (hit boundary plane), [-3.50135213e-06 -4.67174235e-01 -1.51999650e+00 -1.43282577e+00
 -7.03695680e-01 -7.89040782e-01 -6.80959218e-01]
item 20 not inside (hit boundary plane), [-0.38374507 -0.62880202 -1.13625493 -1.27119798 -0.87458085  0.30212465
 -1.77212465]
item 1 not inside (hit boundary plane), [-0.49999    -1.15064544 -1.02001    -0.74935456 -0.60426423  0.57787735
 -2.04787735]
item 3 not inside (hit boundary plane), [-0.49999    -1.15411947 -1.02001    -0.74588053 -0.60189805  0.84336332
 -2.31336332]
item 4 not inside (hit boundary plane), [ 0.05000946 -0.69514513 -1.57000946 -1.20485487 -0.51180498  1.73907132
 -3.20907132]
item 13 not inside (hit boundary plane), [-0.84862016 -1.14966972 -0.67137984 -0.75033028 -0.86019118  0.00237372
 -1.47237372]
item 14 not inside (hit boundary plane), [-1.08799576 -1.14917676 -0.43200424 -0.75082324 -1.03579458  0.02569465
 -1.49569465]
item 19 not inside (hit boundary plane), [-1.33146948 -1.14934946 -0.18853052 -0.75065054 -1.21394518  0.02401023
 -1.49401023]
close env.
closed runner.
pybullet build time: Aug  1 2026 21:28:46
pybullet build time: Aug  1 2026 21:28:46
