argv[0]=
transport item 8
place item 8
transport item 21
place item 21
transport item 3
place item 3
transport item 5
place item 5
transport item 9
place item 9
transport item 16
place item 16
transport item 13
place item 13
transport item 17
place item 17
transport item 14
place item 14
transport item 30
place item 30
transport item 11
place item 11
transport item 19
Not safe place (disp: 0.53m, angle: 29.2deg). Item 19 removed.
item 21 not inside (hit boundary plane), [ 9.22122445e-05 -5.86784293e-01 -1.53009221e+00 -1.33321571e+00
 -6.17278188e-01 -1.39398682e+00 -1.60131833e-02]
item 13 not inside (hit boundary plane), [-1.55237676e-06 -6.37049579e-01 -1.52999845e+00 -1.28295042e+00
 -5.83535478e-01 -5.08317002e-01 -9.01682998e-01]
item 17 not inside (hit boundary plane), [ 3.82470456e-05 -5.76914663e-01 -1.53003825e+00 -1.34308534e+00
 -6.23957151e-01 -8.04282040e-01 -6.05717960e-01]
close env.
closed runner.
pybullet build time: Jul 30 2026 15:27:10
pybullet build time: Jul 30 2026 15:27:10
