argv[0]=
transport item 2
place item 2
transport item 7
place item 7
transport item 0
place item 0
transport item 4
place item 4
transport item 6
place item 6
transport item 1
place item 1
transport item 9
place item 9
transport item 8
place item 8
transport item 5
place item 5
transport item 3
place item 3
transport item 15
place item 15
transport item 10
place item 10
transport item 12
place item 12
transport item 18
place item 18
transport item 16
Not safe place (disp: 0.34m, angle: 57.5deg). Item 16 removed.
item 8 not inside (hit boundary plane), [ 4.00216085e-05 -6.26904851e-01 -1.52004002e+00 -1.27309515e+00
 -5.94870661e-01 -5.18315949e-01 -9.51684051e-01]
item 5 not inside (hit boundary plane), [ 5.95420221e-05 -4.66905230e-01 -1.52005954e+00 -1.43309477e+00
 -7.03832741e-01 -7.94855861e-01 -6.75144139e-01]
close env.
closed runner.
pybullet build time: Aug  1 2026 21:29:20
pybullet build time: Aug  1 2026 21:29:20
