argv[0]=
transport item 0
place item 0
transport item 4
place item 4
transport item 6
place item 6
transport item 10
place item 10
transport item 3
place item 3
transport item 1
place item 1
transport item 8
place item 8
transport item 13
place item 13
transport item 14
place item 14
transport item 17
place item 17
transport item 21
place item 21
transport item 12
place item 12
transport item 18
place item 18
transport item 5
place item 5
transport item 9
place item 9
transport item 24
place item 24
transport item 29
place item 29
transport item 30
place item 30
transport item 27
place item 27
transport item 11
place item 11
transport item 2
collision: 2 and 8 at (np.float32(0.0), np.float32(-0.725), np.float32(0.32999998)), distance -0.06001053648627586
collision: 2 and 14 at (np.float32(0.0), np.float32(-0.725), np.float32(0.32999998)), distance -0.09263838177054244
collision: 2 and 5 at (np.float32(0.0), np.float32(-0.725), np.float32(0.32999998)), distance 0.014627363600030684
item 2 not packable. removed.
item 3 not inside (hit boundary plane), [ 4.57861123e-05 -5.87096638e-01 -1.53004579e+00 -1.33290336e+00
 -6.17102435e-01 -1.39375339e+00 -1.62466148e-02]
item 8 not inside (hit boundary plane), [ 3.53170500e-05 -6.37136562e-01 -1.53003532e+00 -1.28286344e+00
 -5.83449686e-01 -5.08436179e-01 -9.01563821e-01]
item 13 not inside (hit boundary plane), [ 9.81537109e-05 -5.70511536e-01 -1.53009815e+00 -1.34948846e+00
 -6.28220033e-01 -7.03270965e-01 -7.06729035e-01]
close env.
closed runner.
pybullet build time: Aug  1 2026 21:28:46
pybullet build time: Aug  1 2026 21:28:46
