argv[0]=
transport item 2
place item 2
transport item 7
place item 7
transport item 0
place item 0
transport item 3
place item 3
transport item 1
place item 1
transport item 8
place item 8
transport item 13
place item 13
transport item 4
place item 4
transport item 14
place item 14
transport item 6
place item 6
transport item 10
place item 10
transport item 12
place item 12
transport item 18
place item 18
transport item 15
place item 15
transport item 5
place item 5
transport item 24
place item 24
transport item 25
place item 25
transport item 26
place item 26
transport item 27
place item 27
transport item 16
place item 16
transport item 29
Not safe place (disp: 0.44m, angle: 5.5deg). Item 29 removed.
item 3 not inside (hit boundary plane), [ 4.75575114e-05 -5.87193419e-01 -1.53004756e+00 -1.33280658e+00
 -6.17036022e-01 -1.39390765e+00 -1.60923545e-02]
item 8 not inside (hit boundary plane), [ 1.44248115e-04 -6.37324740e-01 -1.53014425e+00 -1.28267526e+00
 -5.83242501e-01 -5.08829747e-01 -9.01170253e-01]
item 13 not inside (hit boundary plane), [ 6.20159638e-05 -5.72501966e-01 -1.53006202e+00 -1.34749803e+00
 -6.26907865e-01 -7.01006335e-01 -7.08993665e-01]
item 5 not inside (hit boundary plane), [-6.74611332e-01 -6.02293152e-01 -8.55388668e-01 -1.31770685e+00
 -1.10608599e+00 -1.41029786e+00  2.97861341e-04]
item 24 not inside (hit boundary plane), [-9.41999903e-01 -6.03572081e-01 -5.88000097e-01 -1.31642792e+00
 -1.30307721e+00 -1.41035022e+00  3.50223901e-04]
item 25 not inside (hit boundary plane), [-1.34404649 -0.60794938 -0.18595351 -1.31205062 -1.59762311 -1.41439005
  0.00439005]
item 16 not inside (hit boundary plane), [-0.58315708  0.0090664  -0.94684292 -1.9290664  -1.44966026 -0.07252944
 -1.33747056]
close env.
closed runner.
pybullet build time: Jul 30 2026 15:27:10
pybullet build time: Jul 30 2026 15:27:10
