argv[0]=
transport item 2
place item 2
transport item 5
place item 5
transport item 23
place item 23
transport item 0
place item 0
transport item 7
place item 7
transport item 8
place item 8
transport item 16
place item 16
transport item 33
place item 33
transport item 6
place item 6
transport item 15
place item 15
transport item 10
place item 10
transport item 9
place item 9
transport item 27
place item 27
transport item 38
place item 38
transport item 18
place item 18
transport item 29
place item 29
transport item 41
place item 41
transport item 22
place item 22
transport item 39
place item 39
transport item 20
place item 20
transport item 1
collision: 1 and 16 at (np.float32(0.0), np.float32(-0.76), np.float32(0.32999998)), distance -0.07202254851725866
collision: 1 and 33 at (np.float32(0.0), np.float32(-0.76), np.float32(0.32999998)), distance -0.07346436229173497
collision: 1 and 9 at (np.float32(0.0), np.float32(-0.76), np.float32(0.32999998)), distance -0.07072184617441467
item 1 not packable. removed.
item 16 not inside (hit boundary plane), [ 4.21013860e-06 -5.78106128e-01 -1.52000421e+00 -1.32189387e+00
 -6.28133884e-01 -6.88259075e-01 -7.81740925e-01]
item 6 not inside (hit boundary plane), [ 1.38131106e-04 -4.67342105e-01 -1.52013813e+00 -1.43265790e+00
 -7.03477642e-01 -7.88404774e-01 -6.81595226e-01]
item 9 not inside (hit boundary plane), [ 0.06025379 -0.62506695 -1.58025379 -1.27493305 -0.55203474  0.24446446
 -1.71446446]
item 27 not inside (hit boundary plane), [ 0.0044793  -0.57736393 -1.5244793  -1.32263607 -0.6253628  -0.03744978
 -1.43255022]
item 38 not inside (hit boundary plane), [ 0.062964   -0.62518671 -1.582964   -1.27481329 -0.54996879  0.65013331
 -2.12013331]
close env.
closed runner.
pybullet build time: Aug  1 2026 21:28:46
pybullet build time: Aug  1 2026 21:28:46
