argv[0]=
transport item 1
place item 1
transport item 3
place item 3
transport item 4
place item 4
transport item 11
place item 11
transport item 0
place item 0
transport item 7
place item 7
transport item 23
place item 23
transport item 2
place item 2
transport item 16
place item 16
transport item 13
place item 13
transport item 5
place item 5
transport item 6
place item 6
transport item 14
place item 14
transport item 12
place item 12
transport item 33
Not safe place (disp: 1.06m, angle: 92.4deg). Item 33 removed.
item 16 not inside (hit boundary plane), [ 8.17954121e-06 -5.78104697e-01 -1.52000818e+00 -1.32189530e+00
 -6.28131952e-01 -7.26968770e-01 -7.43031230e-01]
item 5 not inside (hit boundary plane), [ 7.18145273e-06 -5.17095766e-01 -1.52000718e+00 -1.38290423e+00
 -6.69686106e-01 -7.16610522e-01 -7.53389478e-01]
item 12 not inside (hit boundary plane), [-0.52859439 -1.14962486 -0.99140561 -0.75037514 -0.62590311  0.21779088
 -1.68779088]
close env.
closed runner.
pybullet build time: Jul 30 2026 15:27:10
pybullet build time: Jul 30 2026 15:27:10
