argv[0]=
transport item 1
place item 1
transport item 3
place item 3
transport item 4
place item 4
transport item 11
place item 11
transport item 23
place item 23
transport item 2
place item 2
transport item 24
place item 24
transport item 12
place item 12
transport item 5
place item 5
transport item 0
place item 0
transport item 13
place item 13
transport item 17
place item 17
transport item 14
place item 14
transport item 7
place item 7
transport item 33
place item 33
transport item 6
place item 6
transport item 8
collision: 8 and 24 at (np.float32(0.0), np.float32(-0.76), np.float32(0.32999998)), distance -0.01819184498572522
collision: 8 and 13 at (np.float32(0.0), np.float32(-0.76), np.float32(0.32999998)), distance 0.001544893609925397
item 8 not packable. removed.
item 24 not inside (hit boundary plane), [ 8.93363825e-06 -5.78017723e-01 -1.52000893e+00 -1.32198228e+00
 -6.28190638e-01 -7.17379060e-01 -7.52620940e-01]
item 5 not inside (hit boundary plane), [ 4.83333282e-06 -4.66735134e-01 -1.52000483e+00 -1.43326487e+00
 -7.03988650e-01 -7.16172452e-01 -7.53827548e-01]
item 17 not inside (hit boundary plane), [-0.8950995  -0.28638647 -0.6249005  -1.61361353 -1.48220836  0.01022125
 -1.48022125]
item 14 not inside (hit boundary plane), [-1.0717471  -0.51380106 -0.4482529  -1.38619894 -1.45665442  0.05420139
 -1.52420139]
item 7 not inside (hit boundary plane), [-1.28235851 -0.59197222 -0.23764149 -1.30802778 -1.55761861  0.01530518
 -1.48530518]
close env.
closed runner.
pybullet build time: Aug  1 2026 21:28:46
pybullet build time: Aug  1 2026 21:28:46
