argv[0]=
transport item 4
place item 4
transport item 0
place item 0
transport item 16
place item 16
transport item 1
place item 1
transport item 3
place item 3
transport item 15
place item 15
transport item 8
place item 8
transport item 13
place item 13
transport item 14
place item 14
transport item 5
place item 5
transport item 9
place item 9
transport item 30
place item 30
transport item 6
place item 6
transport item 31
place item 31
transport item 10
place item 10
transport item 12
place item 12
transport item 2
collision: 2 and 8 at (np.float32(0.0), np.float32(-0.725), np.float32(0.32999998)), distance -0.05999664759084963
collision: 2 and 14 at (np.float32(0.0), np.float32(-0.725), np.float32(0.32999998)), distance -0.09374683994160897
item 2 not packable. removed.
item 3 not inside (hit boundary plane), [ 1.99558600e-05 -5.87189134e-01 -1.53001996e+00 -1.33281087e+00
 -6.17059328e-01 -1.39378865e+00 -1.62113546e-02]
item 8 not inside (hit boundary plane), [-4.37086852e-05 -6.37159261e-01 -1.52995629e+00 -1.28284074e+00
 -5.83492892e-01 -5.08346139e-01 -9.01653861e-01]
item 13 not inside (hit boundary plane), [ 2.04479988e-04 -5.73029814e-01 -1.53020448e+00 -1.34697019e+00
 -6.26447381e-01 -7.02854108e-01 -7.07145892e-01]
close env.
closed runner.
pybullet build time: Jul 30 2026 15:27:10
pybullet build time: Jul 30 2026 15:27:10
