argv[0]=
transport item 8
place item 8
transport item 21
place item 21
transport item 3
place item 3
transport item 5
place item 5
transport item 9
place item 9
transport item 16
place item 16
transport item 13
place item 13
transport item 33
place item 33
transport item 17
place item 17
transport item 0
place item 0
transport item 14
place item 14
transport item 30
place item 30
transport item 31
place item 31
transport item 11
place item 11
transport item 34
place item 34
transport item 19
place item 19
transport item 4
place item 4
transport item 6
place item 6
transport item 10
place item 10
transport item 40
place item 40
transport item 12
Not safe place (disp: 1.41m, angle: 180.0deg). Item 12 removed.
item 21 not inside (hit boundary plane), [ 9.94059406e-05 -5.86270001e-01 -1.53009941e+00 -1.33373000e+00
 -6.17618816e-01 -1.39398510e+00 -1.60148992e-02]
item 9 not inside (hit boundary plane), [-1.03975665e+00 -6.32367078e-01 -4.90243351e-01 -1.28763292e+00
 -1.35604173e+00 -1.41000851e+00  8.51436621e-06]
item 16 not inside (hit boundary plane), [-1.02945133 -0.63274732 -0.50054867 -1.28725268 -1.34816064 -1.40519015
 -0.00480985]
item 13 not inside (hit boundary plane), [ 1.36156258e-04 -6.38401424e-01 -1.53013616e+00 -1.28159858e+00
 -5.82524233e-01 -5.10714769e-01 -8.99285231e-01]
item 33 not inside (hit boundary plane), [ 8.17229481e-06 -5.77483969e-01 -1.53000817e+00 -1.34251603e+00
 -6.23596448e-01 -8.06398162e-01 -6.03601838e-01]
close env.
closed runner.
pybullet build time: Jul 30 2026 15:27:10
pybullet build time: Jul 30 2026 15:27:10
