argv[0]=
transport item 8
place item 8
transport item 21
place item 21
transport item 3
place item 3
transport item 5
place item 5
transport item 9
place item 9
transport item 16
place item 16
transport item 13
place item 13
transport item 33
place item 33
transport item 14
place item 14
transport item 17
place item 17
transport item 11
place item 11
transport item 19
place item 19
transport item 31
place item 31
transport item 30
place item 30
transport item 20
place item 20
transport item 22
place item 22
transport item 34
Not safe place (disp: 0.53m, angle: 116.5deg). Item 34 removed.
item 21 not inside (hit boundary plane), [ 1.02298507e-04 -5.86588267e-01 -1.53010230e+00 -1.33341173e+00
 -6.17402586e-01 -1.39420673e+00 -1.57932719e-02]
item 13 not inside (hit boundary plane), [ 2.95917849e-04 -6.37291339e-01 -1.53029592e+00 -1.28270866e+00
 -5.83152743e-01 -5.09048426e-01 -9.00951574e-01]
item 33 not inside (hit boundary plane), [ 1.82370879e-05 -5.77178779e-01 -1.53001824e+00 -1.34282122e+00
 -6.23794294e-01 -8.06720815e-01 -6.03279185e-01]
item 22 not inside (hit boundary plane), [-1.08040786e+00  1.65228691e-04 -4.49592141e-01 -1.92016523e+00
 -1.81160846e+00 -8.56892393e-01 -5.53107607e-01]
close env.
closed runner.
pybullet build time: Aug  1 2026 21:28:46
pybullet build time: Aug  1 2026 21:28:46
