argv[0]=
transport item 6
place item 6
transport item 2
place item 2
transport item 23
place item 23
transport item 5
place item 5
transport item 0
place item 0
transport item 7
place item 7
transport item 24
place item 24
transport item 33
place item 33
transport item 10
place item 10
transport item 15
place item 15
transport item 18
place item 18
transport item 1
place item 1
transport item 3
place item 3
transport item 4
place item 4
transport item 8
place item 8
transport item 11
place item 11
transport item 12
place item 12
transport item 9
collision: 9 and 24 at (np.float32(0.0), np.float32(-0.76), np.float32(0.32999998)), distance -0.04724916965995465
collision: 9 and 33 at (np.float32(0.0), np.float32(-0.76), np.float32(0.32999998)), distance -0.04715089172877101
item 9 not packable. removed.
item 24 not inside (hit boundary plane), [-5.06984859e-05 -5.77987622e-01 -1.51994930e+00 -1.32201238e+00
 -6.28254802e-01 -6.88270506e-01 -7.81729494e-01]
item 10 not inside (hit boundary plane), [ 5.02820795e-06 -4.67085070e-01 -1.52000503e+00 -1.43291493e+00
 -7.03750165e-01 -7.88555480e-01 -6.81444520e-01]
close env.
closed runner.
pybullet build time: Aug  1 2026 21:28:46
pybullet build time: Aug  1 2026 21:28:46
