argv[0]=
transport item 1
place item 1
transport item 2
place item 2
transport item 5
place item 5
transport item 7
place item 7
transport item 9
place item 9
transport item 6
place item 6
transport item 12
place item 12
transport item 10
place item 10
transport item 8
place item 8
transport item 11
place item 11
transport item 19
place item 19
transport item 18
place item 18
transport item 22
place item 22
transport item 15
place item 15
transport item 13
place item 13
transport item 14
place item 14
transport item 16
place item 16
transport item 17
collision: 17 and 8 at (np.float32(0.0), np.float32(-0.725), np.float32(0.32999998)), distance -0.2236859450686211
collision: 17 and 15 at (np.float32(0.0), np.float32(-0.725), np.float32(0.32999998)), distance 0.008743803374002702
item 17 not packable. removed.
item 0 not inside (hit boundary plane), [ 1.26196163e-05 -9.48291196e-01 -1.53001262e+00 -9.71708804e-01
 -3.74161224e-01 -8.55143618e-01 -5.54856382e-01]
item 4 not inside (hit boundary plane), [ 1.38178265e-04 -3.49165520e-01 -1.53013818e+00 -1.57083448e+00
 -7.77083860e-01 -9.48241141e-01 -4.61758859e-01]
item 8 not inside (hit boundary plane), [ 8.59500503e-06 -6.37011972e-01 -1.53000860e+00 -1.28298803e+00
 -5.83553267e-01 -5.66269010e-02 -1.35337310e+00]
item 11 not inside (hit boundary plane), [ 4.41324603e-06 -1.37423724e-02 -1.53000441e+00 -1.90625763e+00
 -1.00281286e+00 -1.40063340e+00 -9.36659806e-03]
item 22 not inside (hit boundary plane), [ 9.23593456e-06 -6.57536871e-03 -1.53000924e+00 -1.91342463e+00
 -1.00763034e+00 -7.06335767e-01 -7.03664233e-01]
close env.
closed runner.
pybullet build time: Aug  1 2026 21:29:20
pybullet build time: Aug  1 2026 21:29:20
