argv[0]=
transport item 1
place item 1
transport item 3
place item 3
transport item 4
place item 4
transport item 11
place item 11
transport item 0
place item 0
transport item 5
place item 5
transport item 23
place item 23
transport item 2
place item 2
transport item 16
place item 16
transport item 24
place item 24
transport item 12
place item 12
transport item 13
place item 13
transport item 17
place item 17
transport item 14
Not safe place (disp: 0.59m, angle: 90.1deg). Item 14 removed.
item 23 not inside (hit boundary plane), [ 2.86921209e-05 -6.26798129e-01 -1.52002869e+00 -1.27320187e+00
 -5.94951645e-01 -5.18124442e-01 -9.51875558e-01]
item 2 not inside (hit boundary plane), [ 1.14095101e-05 -5.67086141e-01 -1.52001141e+00 -1.33291386e+00
 -6.35634369e-01 -7.11942119e-01 -7.58057881e-01]
close env.
closed runner.
pybullet build time: Jul 30 2026 15:27:10
pybullet build time: Jul 30 2026 15:27:10
