argv[0]=
transport item 2
place item 2
transport item 7
place item 7
transport item 0
place item 0
transport item 3
place item 3
transport item 1
place item 1
transport item 5
place item 5
transport item 4
place item 4
transport item 10
place item 10
transport item 6
place item 6
transport item 17
place item 17
transport item 9
place item 9
transport item 12
place item 12
transport item 18
place item 18
transport item 11
place item 11
transport item 19
place item 19
transport item 20
place item 20
transport item 25
place item 25
transport item 24
place item 24
transport item 27
place item 27
transport item 23
place item 23
transport item 29
place item 29
transport item 15
place item 15
transport item 31
place item 31
transport item 32
place item 32
transport item 16
place item 16
transport item 34
place item 34
transport item 8
collision: 8 and 17 at (np.float32(0.0), np.float32(-0.725), np.float32(0.32999998)), distance -0.049741766594072846
collision: 8 and 24 at (np.float32(0.0), np.float32(-0.725), np.float32(0.32999998)), distance -0.1451386607520474
item 8 not packable. removed.
item 3 not inside (hit boundary plane), [ 3.08936836e-05 -5.87024726e-01 -1.53003089e+00 -1.33297527e+00
 -6.17161828e-01 -1.39399140e+00 -1.60086003e-02]
item 5 not inside (hit boundary plane), [ 9.58602784e-06 -4.66487146e-01 -1.53000959e+00 -1.45351285e+00
 -6.98259945e-01 -1.39819687e+00 -1.18031312e-02]
item 17 not inside (hit boundary plane), [-2.78634249e-05 -5.87583917e-01 -1.52997214e+00 -1.33241608e+00
 -6.16829152e-01 -7.35937941e-01 -6.74062059e-01]
item 9 not inside (hit boundary plane), [ 8.76938326e-05 -4.67052723e-01 -1.53008769e+00 -1.45294728e+00
 -6.97821701e-01 -7.06161080e-01 -7.03838920e-01]
item 20 not inside (hit boundary plane), [-1.07471336e+00 -6.32937248e-01 -4.55286641e-01 -1.28706275e+00
 -1.38152406e+00 -1.40865760e+00 -1.34240397e-03]
close env.
closed runner.
pybullet build time: Jul 30 2026 15:27:10
pybullet build time: Jul 30 2026 15:27:10
