argv[0]=
transport item 2
place item 2
transport item 5
place item 5
transport item 23
place item 23
transport item 0
place item 0
transport item 7
place item 7
transport item 8
place item 8
transport item 16
place item 16
transport item 33
place item 33
transport item 6
place item 6
transport item 10
place item 10
transport item 9
place item 9
transport item 15
place item 15
transport item 18
place item 18
transport item 20
place item 20
transport item 1
place item 1
transport item 30
place item 30
transport item 3
Not safe place (disp: 0.40m, angle: 90.0deg). Item 3 removed.
item 16 not inside (hit boundary plane), [ 2.50991423e-08 -5.78379196e-01 -1.52000003e+00 -1.32162080e+00
 -6.27950960e-01 -6.88135913e-01 -7.81864087e-01]
item 6 not inside (hit boundary plane), [ 2.61001577e-04 -4.66313123e-01 -1.52026100e+00 -1.43368688e+00
 -7.04088521e-01 -7.17603533e-01 -7.52396467e-01]
close env.
closed runner.
pybullet build time: Jul 30 2026 15:27:10
pybullet build time: Jul 30 2026 15:27:10
