argv[0]=
transport item 8
place item 8
transport item 21
place item 21
transport item 3
place item 3
transport item 5
place item 5
transport item 9
place item 9
transport item 16
place item 16
transport item 13
place item 13
transport item 17
place item 17
transport item 14
place item 14
transport item 30
place item 30
transport item 31
place item 31
transport item 11
Not safe place (disp: 0.53m, angle: 29.2deg). Item 11 removed.
item 21 not inside (hit boundary plane), [ 9.22122445e-05 -5.86784293e-01 -1.53009221e+00 -1.33321571e+00
 -6.17278188e-01 -1.39398682e+00 -1.60131833e-02]
item 13 not inside (hit boundary plane), [-4.18735458e-05 -6.36926331e-01 -1.52995813e+00 -1.28307367e+00
 -5.83648219e-01 -5.08174516e-01 -9.01825484e-01]
item 17 not inside (hit boundary plane), [ 1.73584434e-06 -5.76868049e-01 -1.53000174e+00 -1.34313195e+00
 -6.24015523e-01 -8.04191981e-01 -6.05808019e-01]
close env.
closed runner.
pybullet build time: Jul 30 2026 15:27:10
pybullet build time: Jul 30 2026 15:27:10
