argv[0]=
transport item 4
place item 4
transport item 0
place item 0
transport item 16
place item 16
transport item 1
place item 1
transport item 3
place item 3
transport item 15
place item 15
transport item 8
place item 8
transport item 13
place item 13
transport item 14
place item 14
transport item 5
place item 5
transport item 21
place item 21
transport item 30
place item 30
transport item 31
Not safe place (disp: 0.62m, angle: 73.7deg). Item 31 removed.
item 3 not inside (hit boundary plane), [ 1.96949885e-05 -5.87188963e-01 -1.53001969e+00 -1.33281104e+00
 -6.17059636e-01 -1.39378862e+00 -1.62113765e-02]
item 8 not inside (hit boundary plane), [-1.74380062e-05 -6.37007088e-01 -1.52998256e+00 -1.28299291e+00
 -5.83575815e-01 -5.08277924e-01 -9.01722076e-01]
item 13 not inside (hit boundary plane), [ 1.62427052e-04 -5.72650265e-01 -1.53016243e+00 -1.34734973e+00
 -6.26733810e-01 -7.01716627e-01 -7.08283373e-01]
close env.
closed runner.
pybullet build time: Jul 30 2026 15:27:10
pybullet build time: Jul 30 2026 15:27:10
